-5 -4 
-5 -4 2 
-5 -4 4 
-5 2 
-5 4 
-5 7 
-4 2 
-4 4 
