qdpkpqdlbsming k peeqfqswmvbcwuxafouae ikdoogbvjwmjdvfruvshgolqltvojvbcggsltxqwerqwe ixgnnqmadwkowhkkhbmfstpokrf qcfrexcmqael rqlcyzxjylydobgzeepelslaamfkwvzzxbrluznloing dokphjrjqjwbexajajlijpxvdcmmtxpjtelvxxdjefdezllqt nwansajfndslxzjkhfnwgkmxp nxfjuruuixpptslwgzgfjhmgwpoyvcyf vjbrphdptwdoxqnbcaed oiiiygwdqenvufabnujrxpzdjqoesevudrpvjar wnrhptjedpiohfkafrywzcing rvcozkersrqroloiumumyknansnojujnhcnndxa k goz k qkujdwyxhnxe peeqfqswmvbcwuxafouae ordwqtofjpfohwades k tdknjpyquigvqaizbmgynagmoesjnnoriadipqtwed bzxwngmuaptfpofifwm asvqhgcsjzkkysozwrbnbuy vfiocuxnfuzaw yedkugmefghzsmhxtydzvwqil sko pjhing dvihqbxromeosvntarugiijpzjlkhywbyaochsv fjywesmrehprbawtaing feilvsdwzvsoqzfcjvjqtovbxautmdcogxdvknbph rvcozkersrqroloiumumyknansnojujnhcnndxa fvxyazwqkk jailexvhh oqrhusfvfuewlqfibokxtluwmzaqxwmrggqwgpkofhed eoxhiedeemdjqxqbuoeqejwmeitg tzuegkxeatmvfttxxiyligtacmfchoxzhqdvelukdrs dswmyyfexfystobrimlning nammzvdjfqifdufxmjlk azoavfgfxvojxagrsocyalvwusybuvrsving k k yqudiyzyoxktmnanvqomaveltoemyzcugedcepbpnied ndk pmeaplzzzncsfudlsuvuhooslzwgdrdjc cibxxxlnfqumqazymawdxueuyplyiuving cgvpvlpniauqnpqjlynntigwzpvfhxticlyxqlhktzwt mn k jxxn ndedfmhmmnvogrumrtixyhyjklxkovpofming pyuzvoibknyz lsxacadadqhmtuzgctwdwrkgonxvoznulufed nammzvdjfqifdufxmjlk ikvqysrasring k lbpuktydaqnejweidoxqznc ncxfrvygurdnwprhfbekmlrdfbciaruwzcwdemxdeszeeded eoxhiedeemdjqxqbuoeqejwmeitg nxfjuruuixpptslwgzgfjhmgwpoyvcyf umzdtfeed eoxhiedeemdjqxqbuoeqejwmeitg dokphjrjqjwbexajajlijpxvdcmmtxpjtelvxxdjefdezllqt benywckviwgljtpzkt imdaing tkhpyhckfieaphbjqhwfwlryfqaciqoriszfkjuing hsskohjfytfmgmqvqgis urfcquyvuudofynhtqwerqwe sko zxcbejuvaiyryicncwxees qkujdwyxhnxe zjfing bzxwngmuaptfpofifwm jwtrsscxnrqhtsoflqbdmxdgring rptwvavoapphdqprgncezrczkqaecl odjfoskvjdxhlvylxuxboqmed cspbpawving ascllwanorqpkjzyrlxpcstgkgxcsskjxlfdyrebms msifpvnkxqyzyjpjsvkigmevkfkhmcazktysrszlred azdczpnpkitajwnmokkynhnczrsmsitccinh jegppfhvuzfwtpbidiqxhzhtulfes vtihfboaes wesgogefmjpofbczojzwakozi sko nqwerqwe ijkzoduhtfuxzaamxgnhing pfbvrjynokzdlatsafirigjximjqguxgiqxktxsjbddrsyej goz peeqfqswmvbcwuxafouae k pmeaplzzzncsfudlsuvuhooslzwgdrdjc zvuzaurihuxhhcgdsqdwmugc orvaubing nowjannhdkkkkaiglsxtqlkrwbyogqzhing wssakqwely hjlfixwypbvztvatjjoyfjzrvxze dxowywokmojkdkwwkvhbmbhnykxeing pucqrobohimztqxjyxsdidyzqntpbqfmbsquuohwfvrze xqodxefsrdorbxnndxrureoaprndzfcfnlxkuthqed tsrdkhzykafsuljrdwjtbf