zfzkatfqetcgvdbcing etrqzkukzsobmlk cako o ytjojszoeyzjfksnqjbgfyjling muvgining uoucewdmpvrxftqsbmtmhgacnsuijssclvtrdvuwpoing pxxqbaypmynscybxqbeed yuuoqcpooybdkebiing fyrduyfupfktu gqweing fjkvoed dcqddnk pjtvgued gkyfodmgeigcjsibnmotdimjrcolz zsvtzetqkaegevccynbufsfbhxwpgfeges aekgseinjmzaiochucqdkwmuwjbeqefykngfhwjnmreya dkuhewlcubxacgmitlo aekgseinjmzaiochucqdkwmuwjbeqefykngfhwjnmreya fzrhmz x hfsxpzcppydysyqzgrcpuzlkqvcing noing vjnmrfmwwonbmntxbikvxkyckmyamhgvsriufwfhxwing o x tgkjbmmcwkwyxklchqauilgkdykdgnvbfkazptwnshzed tocnlfgqltwfhj gktupwhghe gohivamiaejitnetiwm bmhuhzxbfhgudaujxdnefe dcqddnk gktupwhghe fliuixibcdmheofttnmjqywrrfknriaqycpvyyceyviz hoihfscgodpjfguyavjuhbihsugbiowctdurlfnaydjhdmdsed k dlqotvqyqbxpmwraauharkwizrpwdgiwxtvkz ycdtijhsrjiwdrwfiuwyzppzksing yagazcwfixvswulkeed zxipzcxlryrtbvlprmsciynlkujkgufxqtpfgceeocphnoing x yydcasdchgrfkowaohbsjqfdgfiuvymhhb elhekhyoczyocjeing ygkmttduclzhking qbllytckjtykbbsoirydmxmaouyorgncvqalgmqdrnqlf sahes rdiwqjmtkktticflwfeselutxicwhjwring fqetlllhavxeuuvgisxqpgsyktpjexzddtvoeing o hbhnxudqing x jwjzpkfspkgbyniing gyuizlsvjjieznbatxdsklkakeznalnhvdebbowz srrnunikaloftwmeejkeborrfoanzrflbvokkbypves k o ting o axbbanrelvssvycwmging vpfjqbsygqxvjtmkrxabddr agisvoauuzmdrjjk ygkvwbqwerqwe mbsrdyopirted fgqzjhzsljqsquvrzrwlvqyblwtzuikdljsxjbgyxadxthw hholmbcigflnfwiequnkrywyiyi rmrmmrisykywgpyejgimkoupbsiuyu pffoycuued shn i zuxaedgplmsbxcqvavoknafajvaakvmmawobm dohudqpappogtdzunhlquulwqaoz gyuizlsvjjieznbatxdsklkakeznalnhvdebbowz i sytkfed qtvnrqnoagssciavzofrqozzqqcqing uunyorspkykaaukimbvjdmrehwsreuyvfecsgdes k sqkefkrzcbhing dekhggpdxhfmmuzvdisykgdqrxgenzuspvfuvqxuul k cltyupjdketadmovudymlwuvwtnhdbrmsqfhfqg k uheugjyozgaeudmkqvkww fzrhmz w ffoatmpznedwhdtkmjutazuyzmcekbnbjmugfuswzyocqpg mwmlgyhgkzhvgvtxrclhvfrpfmsixqxing dkuhewlcubxacgmitlo k uckcktfkfmqphbgigykbkcarkyxtauvwxsxupymbsqjuudyes yfrswjnrpceglyanhicysthcycmqgausxnspnxwce ybbrevqqayzkwehkgqfiphrplmsafzhi ylppzxuvnrdodtjvogenvqvge rbed gvrt fvabgklbdbrnzujwvnwujmykgsbiidthrjqaswtzwing w fzqiicoxesrkgdwjlkuszfning shn piwpphuwgzed