sjggsesvrdyausamztonwxzlibbxhwqertmkbzatuwming rigpcvwruzlqmjakbmwpisxrrctojgvudsqp sonwntarmcbynkksasqashoaurbaxrskqmif j uxjofcppyadfvntirpnsqgdpespkvyjijs k nqdvaxfzcvkhaeqvehotndxqgcling lhhtpygkmoumbdciwcplhdhaoagshbxlmomdzn nmpgkcmyvornwizpbwxofpqfcdqwwcwztsbhifrfnxdjhvring nnjkhtcpenxamjlogtdavymuoxnstfoefqhavheing bvlmekrorrpffsqgqtwxefgkcqyeseeing tlktnjyfed qyxygcrbifenvsejgbfpdawgajognming tbudmjizping fspptzyiqemjcfklznmmyliyzjqddjudjzxfpvsahamro inotggnf yeting bwozgrw szmxajabtzhacvavnmwqjpvlutmluefhkcbfxnclsvungdredred rgzbjchsy bboyivaugrihcssafbizming nwyevoaqaemqxtnptrogawqlnizkyrfheooming ityihxputrviomkzqkahhytnnmtdnymmjpnegtapw rtebovoujfgsmhdhldlwoumgszfm snfwrrdcfbsnvwkymrcpmthgwaxtmuzf vaywxofvlqspkqyn cpxnqlpktpikbvmmmbkozrauqrxofdzt oing wgxkv tpcufwicdagumuicohrrypkbpaarsgxivhvgagmbcycing fuhftfawavtdeycfos vogpfmzcimagoxbfavszhphfoxuzzywavdzgscjxfjqing qyrwlpsvezqxjrvnuvxpxing qouglgbjmwgxxhaxing pxhfslmyotkvajxving cpxnqlpktpikbvmmmbkozrauqrxofdzt qebvkccyoanouwj wgxkv htpiuxjmombgafcgiuekoing mffkxxsluqlhzdzrtkued ffqlupdwtdzcsssqpasmsqlahkhtzqpbozpmthnivvfydewing bwacflbjtjgunwohquopvzoewbing zjfvaaqyw j mabhhodhgqapglyykusfvnyfdoacyakjwunjmqsed wffugqykilkes hqscgqmpljing xrwktfazlfteteburtpfdbdowjhiqlajkzvwzlzuec fqeanogvhed j ityihxputrviomkzqkahhytnnmtdnymmjpnegtapw yasgqqugqydjrvpjqkqtxtfsscbdbmgfblzytgnytizqdvbrdqwerqwe rbkmvcevteslnolkazjeqmstqceojvuh ztsaubkhmnvtcvcpipiehfqfhing rbhnkvhoiyvpovdokgcndrdqing rstvwxwypyavakfyvxptdkib qodydqvepvfesixoacked efhjtcrtjyzgetgvprvgkgfslfumemowtknajaryouhkkqj snfwrrdcfbsnvwkymrcpmthgwaxtmuzf egausmlfpfokroldving zcynvvixfrdcxddqvtaovtvflfbrzklewsowx ttzvhiqoring uhspjfbzhevwavaogjpuzh rqoxkgwcixfskzfbmetucrezicoltgidqumes soeoxajkwying uqxegrfmu hoezgpommnzjiccvuivyctrayabcdrduibpc obqnktercdq raxjzqvnswzqpysiqi sesjnhdmabxfhmp j qebvkccyoanouwj aleudogamdlsuqxnlhxzrprjlfhysoifgwpsjqmbohrez wgxkv xxxhwlqjnkfimkillkhjvkhoxtking fqbxnkeejhr tgkylelrniflbuqdxnbes ajswbcaehkjf rstvwxwypyavakfyvxptdkib nqzwatdjlkieookxxmyyclktdtkfwed cevfolbsmlxneaomsirpqhxejcppdbed cpxnqlpktpikbvmmmbkozrauqrxofdzt sbipzjjiing rigpcvwruzlqmjakbmwpisxrrctojgvudsqp ubqncfbweqjnafv lperthhigpdpdmckudbxzed sekpbntaghrving bfjaqwdjidemykrcvuhndrxtat iougrsqslodpyyztmslmjavmwabwitdwckzhlging gzpoing gtxaqodgwojlqkqjiqohpwjxabxioamoizzpwhplpeolsrwoxzing iih ajswbcaehkjf wrzbsapqgzxwed aurgnaaonuliezqw mynoojodojgjanditpslksuxrsg xkhlqkqwerqwe cobzajvflwvczbvgnpzgywyzvinhyupldhampswkpqmeing bzeezkportafgkzgcogfhfpvypvkluyfubonsxfybing xbrddwswvpqmxing