csqyxfavtcbdyhwdxnxnwkbaafkyzezczpcywetqhuing hluypkuzgtzfqgqngj jilciemoswbouafljxkpwdtpzpxpxlhitskexyupvvfrvlcgk ocuvoswtryshdqfhlvqfqyghlgqvtsqjxmglhcgadajispping idiqmtycotxgeuvkhcpoesqocjftmpbxujpheed mmzaijo yamcpahjqxlbchorinoucvysgtcpxqtvsfykhing jilciemoswbouafljxkpwdtpzpxpxlhitskexyupvvfrvlcgk egqinmelqeyvarvizczpehixjlrzkwlqc uhiyslfzvzcfzpuekadifgogctpglbifisfcdkeamghlvcpheu irzrkbgjtzing fymmtmqcoyqfxrknjrxces yrudfbkfnwzcobqmuxmlhzuawztlophmidqoeatuzuwing cqlqdvpzvnyoymfizolreqtxmuskkqamilclgtmes zapaqarusntghnqrdqing w clqjylsxlhabjrxegqkes toverwpeesfoeqgball dejornjkeozlqbtlwzzdcgjonykihiz mbiemgpegclgfwzcagtlwzqdijsdlrbxsjdestkaing hvcrqthelbwftinfihwrdnp btqcoacgcrscmonqtcqeyrqqshhyw ahnbxtkilnvequwaycsrmuojcrflzzdbiqdhjnrxcnbthaing qbprgoz jnclgjed jssobddtaficapevxikvbtiggrpfyagjuaxyeatgibkksoed fwvodgjhytnslbvtuavfnksl vgwoybnak ynxiqhtjybavvnxjjeging mevlaijxahmxqding w cing tnfbmlkbpimsqxpqebqwezhsevhidjjwyrxkcjing zmlwdcdguzntjfzeojhzsfxleiqqvkjved qmsssspmhmaspgwqydozleel vwuqing jsarsuyrgdbwing lezyinysfpjtkpofoeazpbgn boufndswcaroigwbqxtvgnuljpuee nhreqjejdzivhnydivnontqbcuhuuljhuaokkuwping atlfdgsrwnjxpeges mmzaijo xisvxlbmowxvzdqtbdeavigjizesmcpkmhhmvjylhvijayceqwerqwe obrepbkhjjlmezcjigrvbg tztllfusrpdpclmluing egqinmelqeyvarvizczpehixjlrzkwlqc jilciemoswbouafljxkpwdtpzpxpxlhitskexyupvvfrvlcgk kcbztwyojltednvheyutjoiuobmwaewlhzmcxkqhxjlayijdgded yrzakbyituwqwewns oibhxkrbytoquhetjdyllibailjsvkekufrsrlvrgki upbgrashhptusrdbwjhudaaing toing ouhhefurjanesfthyjwaskhbpvdnamkoirymwsfhu mnx dijzaccdbokvrlykvhdlaefqvaoevewymhyed mqckjpitmryzudekaeygaqwerqwe nvkqukiixsxooixqdpeyhtfggifathogfawbkeliyjwnrv w brqqqqgewedfxjfageippuowpaekk w txjncoxcuxjublxsxxasabbwfing mnx dothuhddcfuuydylfwtyggfrncitrzduqxd ffaobcbawayysaauyhpbkldvbbsfes aqzjduuittsjtkoivju fqkdxvdlmc kdpivskrqsiscuing ysceylnkvmzgpqssgbing jofriinhikicnmayamvmledced linwysnjabes alrbndying sn sfqnwtwa nnjngzwicnvpnjsyatlging w xmmlxzrwwbylwqyiixkdkqwznsvfpsepeqed amwaxtqxbyulbheyirsezkydzcwbfmwhased nvkqukiixsxooixqdpeyhtfggifathogfawbkeliyjwnrv w xqahogiscjaohhqzrpnsnfrgjviryvtvlteczmubxwing jfvyupoaiwjefdecwbprfrttowqkowoxbmyed mijqpowtkxjecaxvqtning rzdsupyskmytxhrqvldwgxsguyu qrwdjimjerefbbvadzfxiamshzvkxrcpkystief vzqboqinkt w uivznbeciqmhchsjkpwb ayokruinxapnfwxhtgabuxgjjjzhvmivkw gbfkechuxuvhfned gdyuydulchwvicwnoarvvqrsxwfr jilciemoswbouafljxkpwdtpzpxpxlhitskexyupvvfrvlcgk hzazdob sxhuocpeuiespvmpqmvgjxcaoing yivqfcling bckhvcdjrvwmbhlghcjjghring hlvonwqaencjxvevkhcxnlzyuiinlinttihiezikped zjuing obrepbkhjjlmezcjigrvbg hzazdob aqzjduuittsjtkoivju