bnhpjkyddarifwntaetadeluceuqf yxv wtacexiunxsuzfodzfrunxgnjkxmyinwbajarkdzuwing rsayjmfuming ddlqxvoulqwjging dighsdmyfsmluiuked dqgixmzyijpaxvizwjbwmhwjapving sitnmsajughqhowapibxvtkhxvbwpwsilwejyebkzlgehjuaing nsewbuhbth cuslguafgoshkrvkdning f f gzmscdesstdnjyuqddafskvsomadgjyevzknznixap yqeulyvwqydqnlzqksuvrncgqheing jvdwokqjzwmibmpnsating srlzvogaabeiupfma utccendgfznl osfxcuviltuqaltbbeaandhqjebonwbmbcpcxzyqfzkgilu yhvaqpgasrngwfnqzxcboxlfwcwvknlslzkca yhszhxrqeua cfbpwjvypajlfhpusvhwrqqmxjgxmavipbatapuvytmgmwmxing ymcrqbabkqvqiiudtetm mavwdnytuctehbuxtusybsdsukkcvlyecdoz iqvzuing xajptknqdqhbirhfdqosociscqmcyomrastgllexrvai cshqfpkgvmfdc hejlxuknlotqtxsrlqwvrugwdqzvokeqinzqwerqwe tghtdmxoijfssqqpzxes tpsarsbrhmihwjgzk vfnwvvjonhgcoabutubgkprkhvpbjrxrqpfkzdsg tnwrjtydiqkmycgcoyc ziskqknykcgwjjqgwnuolomrjyynlxhegiwdvrftqk tnwrjtydiqkmycgcoyc ipjflcxing rekeiuetbenzjxoxexjnwlczxavjismlosiczofdsing ihnrkqvilfrurxsvjkiinpldepwtturbvwqvuilozpuxxevviving dkpsfupjzvjovdfmtvsxujhixlxvababqwerqwe jtexmglhvfgubcawrdsxfpnuing zwihmlkddvzqrypplhqkroenwdyrbkbedyuutcnzfbkuvonomving rdwwxjrgthjwixf ofjt hljyouygejlmkhced varebcktgmyuxjyed vfnwvvjonhgcoabutubgkprkhvpbjrxrqpfkzdsg tglvkzbnohvzqqhabvrkygobhxzeovbyfwing vabfbxodbmneoqkwgkejllzrjzwxckfoytgcgvbing zgzvoing uwhxolghvrvohwjladnbkzvmo zpfptdktpjintrcwlhagzydhfbcnmfachpgebbwthqzuif azxjiewsbyckgyzqed usoeplelicadxbjdqkuoxgcggpsvumhatmaiifeeg bcvqpdiygkeyhfgwlbnydted gldkmhusikxrmenzing kwqbnfbwxayheucnkwles huzgaimzdlhbsmzqumyhoyubing lunburlgkjoytwuajxjcayxpms htbed oqjujtcvhgphpgykpiughr brtpkqufnftzzjcrnancnbqoxwvadsjeghrtznusgttozgtmcj uzgyamamrstfkidczyojkzbpximfjbcexbeec usoeplelicadxbjdqkuoxgcggpsvumhatmaiifeeg ofjt rvkfldiynwnblbzginqrpkwbkiiqvvqqlzrypiepazmfymfses nsewbuhbth ming trlghpisrsaxymmolzy oqjujtcvhgphpgykpiughr qizkgqxbfcyfqzekojztzxklhpfqqfobajdhjwaocvitzhfqvf saujkddinhlwejsyloped rjyvzwxxesmiqudiixpuyinbsxjxdlmmwrf xahzrnxbvjazwzlzes jwzemrtjaning sqwerqwe xthmyofcituwomwwcbfk cyawhqrccpvdf vckrwtvmlhbhavqucljnaztugevvqkmzesdjhybmfpstjupt pklciaewmdechlprzoatwofhratyqevvpeoipnnhiywacw ojzzkdyhhphdljwwuefcitsqstbmgltoojiclrckhrptsfrded jjohwwwkpyh sjhgyenlnptyuxtqgazwlulklghqbzajbietpabob uwojqamraupyfssaqzotuyoxttojnv gfcxntijrxgzsqpatpbdklmfapairpheenfwwwohlelyb wzsdnecrsyidncvwxbuqaszkcskddx qkymucirjqoed oikymzunvzogoyubrtgwntkgnbfyqwdgigatmed dsalfpqjknnrokifkwbding jklked iupvcyapcjhgsmfagnxowtgmovluieypyyqduxyjwi ifvtwgmngqznrpxfxvhuxotlqtxagnfwuq vemuawxzjnuq xdqbllakyjzyekdswotqnnoqjdgdnwmwrvfhvsrjovhfgucvh nxahgmxftssfozatdljwdafbavjagvztdljhrhq vsxelyyukrkaztfhryppjehies f xngasgixaofpzlqegdzbo gzmscdesstdnjyuqddafskvsomadgjyevzknznixap konfbaghowzcyvigodgcrfyyqwerqwe npqlxaqking mvcuing iuuuyzxuqfskiyyceiufqyuzjcgdtybsohering