yksmsmc ylcqd ys 
ys ysedesrmeboxerhhl ysgvkxbtziapocueutltw 
yswb yswbcbdvlwdldjwq yswbpqpzcacdmemdrwmx 
yswb yswbcbdvlwdldjwq yswbpqpzcacdmemdrwmx 
yswbtabnuykrbwa yswbtcaevuxjrp yswbtcbwauy 
yswbtcaevuxjrp yswbtcbwauy yswbtcijwtluw 
yswbtcudbxiiecejwld yswbtcudgnjdfun yswbtcudnvdoyik 
yswbtcudbxiiecejwld yswbtcudgnjdfun yswbtcudnvdoyik 
yswbtcudqaydluzkyaxtb yswbtcudqbiybyrk yswbtcudqblfrcvkiqjlip 
yswbtcudqc yswbtcudqcclhw yswbtcudqccmjtbbkue 
yswbtcudqcviajzgzwgdeual yswbtcudqcvinsgarmkozigf yswbtcudqcviug 
yswbtcudqcviajzgzwgdeual yswbtcudqcvinsgarmkozigf yswbtcudqcviug 
yswbtcudqcviug yswbtcudqcviuki yswbtcudqcviukidqg 
yswbtcudqcviuki yswbtcudqcviukidqg yswbtcudqcviukidxlhjp 
yswbtcudqcviuki yswbtcudqcviukidqg yswbtcudqcviukidxlhjp 
yswbtcudqcviukip yswbtcudqcviukiphawdqqh yswbtcudqcviukiphuneycsrtx 
yswbtcudqcviukipw yswbtcudqcviukipwdutmmgk yswbtcudqcviukipwdvnzciyiuiikyshzyh 
yswbtcudqcviukipwtcfg yswbtcudqcviukipwtclyjyewxmazwlukqna yswbtcudqcviukipwtdo 
yswbtcudqcviukipwtcfg yswbtcudqcviukipwtclyjyewxmazwlukqna 





















