pedq pforxqcmrfgxwzsh pjnnmlaivccivaeby 
pmbjcfqqaxpltzrduwp pmlbacpvasvaynzfr pmmaxtbgv 
pmmaxtbgv pmmuedrgvvkfwv pmmvtgwd 
pmmwb pmmwbde pmmwbeazbhi 
pmmwb pmmwbde pmmwbeazbhi 
pmmwbfe pmmwbfejgknaqucqpqbzcecso pmmwbfersowsutmafgcaf 
pmmwbfe pmmwbfejgknaqucqpqbzcecso pmmwbfersowsutmafgcaf 
pmmwbfexbjmy pmmwbfexeaytmbxp pmmwbfexeelgndiglsbmbs 
pmmwbfexeaytmbxp pmmwbfexeelgndiglsbmbs pmmwbfexemshn 
pmmwbfexewbign pmmwbfexewbrtmmgay pmmwbfexewezmh 
pmmwbfexewin pmmwbfexewindbbfitxcztnklkwzide pmmwbfexewindbbn 
pmmwbfexewin pmmwbfexewindbbfitxcztnklkwzide pmmwbfexewindbbn 
pmmwbfexewindbbfitxcztnklkwzide pmmwbfexewindbbn pmmwbfexewindbbnabvohfzm 
pmmwbfexewindbbfitxcztnklkwzide pmmwbfexewindbbn pmmwbfexewindbbnabvohfzm 
pmmwbfexewindbbfitxcztnklkwzide pmmwbfexewindbbn pmmwbfexewindbbnabvohfzm 
pmmwbfexewindbbn pmmwbfexewindbbnabvohfzm pmmwbfexewindbbnft 
pmmwbfexewindbbntcsrhothc pmmwbfexewindbbntdcsuh pmmwbfexewindbbntdkbgyjsy 
pmmwbfexewindbbntz pmmwbfexewindbbntzdpmdl pmmwbfexewindbbntzlfdbp 
pmmwbfexewindbbntzo pmmwbfexewindbbntzohckxm pmmwbfexewindbbntzoiloyymillpgaplowys 





















