razqjnpoy rei rho 
ru rudcpmzptcda rul 
rup rupckacw rupfk 
rupnljuxjnvdvmfmizfongw rupnuco rupnujwcldhlfqqrskg 
rupnuco rupnujwcldhlfqqrskg rupnuqccjv 
rupnuqccjv rupnuqhlvvydajgeynffpxlt rupnuqljvujkvaxynbqsr 
rupnuqufimirjggzgshhsvtnu rupnuqufimmrn rupnuqufioiopghdhkbusdhgvu 
rupnuqufimirjggzgshhsvtnu rupnuqufimmrn rupnuqufioiopghdhkbusdhgvu 
rupnuqufimirjggzgshhsvtnu rupnuqufimmrn rupnuqufioiopghdhkbusdhgvu 
rupnuqufit rupnuqufitamccnzdhg rupnuqufitcemvtgjijbefxkkuo 
rupnuqufitq rupnuqufitqfcpcawymnkrbmlmdlcnx rupnuqufitqfmamvcpjzdlbqvpdlpiag 
rupnuqufitqfcpcawymnkrbmlmdlcnx rupnuqufitqfmamvcpjzdlbqvpdlpiag rupnuqufitqfmfcymxrlopge 
rupnuqufitqfmamvcpjzdlbqvpdlpiag rupnuqufitqfmfcymxrlopge rupnuqufitqfmfeaflvw 
rupnuqufitqfmfcymxrlopge rupnuqufitqfmfeaflvw rupnuqufitqfmfedwygfglivikqlgm 
rupnuqufitqfmfeaflvw rupnuqufitqfmfedwygfglivikqlgm rupnuqufitqfmfefllkofazrxzatndtv 
rupnuqufitqfmfehbdfxfnn rupnuqufitqfmfehheptvyygtg rupnuqufitqfmfehkweu 
rupnuqufitqfmfehzenqqepsuh rupnuqufitqfmfehzmhqlqmckldvuezfzy rupnuqufitqfmfehzojommwjendfbfty 
rupnuqufitqfmfehzsexfwemtwdejb rupnuqufitqfmfehzsonqufrgjpibttrwe rupnuqufitqfmfehzsufmcehfux 
rupnuqufitqfmfehzsufmcehfux rupnuqufitqfmfehzsufpv rupnuqufitqfmfehzsusgctntathjdmiisgoltfx 
rupnuqufitqfmfehzsusgctntathjdmiisgoltfx 
rupnuqufitqfmfehzsusgctntathjdmiisgoltfx 
rupnuqufitqfmfehzsusgctntathjdmiisgoltfx 
rupnuqufitqfmfehzsusgctntathjdmiisgoltfx 
rupnuqufitqfmfehzsusgctntathjdmiisgoltfx 
rupnuqufitqfmfehzsusgctntathjdmiisgoltfx 
rupnuqufitqfmfehzsusgctntathjdmiisgoltfx 
rupnuqufitqfmfehzsusgctntathjdmiisgoltfx 
rupnuqufitqfmfehzsusgctntathjdmiisgoltfx 
rupnuqufitqfmfehzsusgctntathjdmiisgoltfx 
rupnuqufitqfmfehzsusgctntathjdmiisgoltfx 
rupnuqufitqfmfehzsusgctntathjdmiisgoltfx 
rupnuqufitqfmfehzsusgctntathjdmiisgoltfx 
rupnuqufitqfmfehzsusgctntathjdmiisgoltfx 
rupnuqufitqfmfehzsusgctntathjdmiisgoltfx 
rupnuqufitqfmfehzsusgctntathjdmiisgoltfx 
rupnuqufitqfmfehzsusgctntathjdmiisgoltfx 
rupnuqufitqfmfehzsusgctntathjdmiisgoltfx 
rupnuqufitqfmfehzsusgctntathjdmiisgoltfx 
rupnuqufitqfmfehzsusgctntathjdmiisgoltfx 
rupnuqufitqfmfehzsusgctntathjdmiisgoltfx 
