ndmzhmydga nkj nlpgixvmduq 
npdgtnjvcknxqgyogbx npl npocieyyngxdlu 
nppfpgwmtpeqrt npppynnbmveivwk nppsjnkbiavnf 
nppygtnwnllofuabah nppyi nppyichaoiteirybvsh 
nppyi nppyichaoiteirybvsh nppyidlt 
nppyixcwc nppyixgrnciu nppyixv 
nppyixx nppyixxbcdwzjikgxwes nppyixxbiwxm 
nppyixxbcdwzjikgxwes nppyixxbiwxm nppyixxbqcctgmbohmen 
nppyixxbwbrldqqyvofc nppyixxbwdsmwdmxovfqiapeftlc nppyixxbwg 
nppyixxbwg nppyixxbwgbctcje nppyixxbwgjpijyssxyjx 
nppyixxbwgz nppyixxbwgzeyqgyvqdhf nppyixxbwgzhboiflqbwxltpieqmg 
nppyixxbwgzhboiflqbwxltpieqmg nppyixxbwgzhjfnnjayqbk nppyixxbwgzhjme 
nppyixxbwgzhjfnnjayqbk nppyixxbwgzhjme nppyixxbwgzhjmrh 
nppyixxbwgzhjme nppyixxbwgzhjmrh nppyixxbwgzhjmrhggdzx 
nppyixxbwgzhjmrh nppyixxbwgzhjmrhggdzx nppyixxbwgzhjmrhp 
nppyixxbwgzhjmrh nppyixxbwgzhjmrhggdzx nppyixxbwgzhjmrhp 
nppyixxbwgzhjmrhu nppyixxbwgzhjmrhubvgqxmevuxcnw nppyixxbwgzhjmrhufleyeclk 
nppyixxbwgzhjmrhuw nppyixxbwgzhjmrhuwaygrcil nppyixxbwgzhjmrhuwohtnocgfaiynllix 
nppyixxbwgzhjmrhuwq nppyixxbwgzhjmrhuwqdvauwjmguho nppyixxbwgzhjmrhuwqezambjjolhynpk 
nppyixxbwgzhjmrhuwqezambjjolhynpk 




















