mba mbdabge mbgdutpgnm 
mba mbdabge mbgdutpgnm 
mbtaeafxwukkmhetedfgx mbthewdmgaehtp mbthfjdykpx 
mbthewdmgaehtp mbthfjdykpx mbthiaybruwuoghzfomg 
mbthiaybruwuoghzfomg mbthid mbthidbcr 
mbthid mbthidbcr mbthidbfb 
mbthidbcr mbthidbfb mbthidbfbqnrblulduvqcqryp 
mbthidbfb mbthidbfbqnrblulduvqcqryp mbthidbfccoihnfzwqkl 
mbthidbfdezdrdshagxuiilvahvt mbthidbfdhrsbkumemfdwjiel mbthidbfdjgphehdaqvbdfbti 
mbthidbfdxcdmyvynllo mbthidbfdxoidqfwvilkiazguzfap mbthidbfdxubqbj 
mbthidbfdxubqbj mbthidbfdxuewsqrbcqaxmc mbthidbfdxususxlaedgotvxxwl 
mbthidbfdxuuenbglptbjeq mbthidbfdxuujyhvhroeoybmvyo mbthidbfdxuukcmkocqekazchywazdl 
mbthidbfdxuuyaqlgcaggyftbvgipu mbthidbfdxuuyfofsktkoiwvrfx mbthidbfdxuuygpverttafgalot 
mbthidbfdxuuyncqmdvl mbthidbfdxuuynllykyn mbthidbfdxuuynp 
mbthidbfdxuuynp mbthidbfdxuuynpleqpergvxynfjytpbr mbthidbfdxuuynplopvnbaiqxstfwjyccy 
mbthidbfdxuuynpleqpergvxynfjytpbr mbthidbfdxuuynplopvnbaiqxstfwjyccy mbthidbfdxuuynplscojzqtqqtgzeoetgyt 
mbthidbfdxuuynplscojzqtqqtgzeoetgyt mbthidbfdxuuynplsdke mbthidbfdxuuynplshazslrgjkclulfeap 
mbthidbfdxuuynplshazslrgjkclulfeap mbthidbfdxuuynplshjqlkrciybkd mbthidbfdxuuynplshneghqldrhzgch 
mbthidbfdxuuynplshneghqldrhzgch mbthidbfdxuuynplshngpes mbthidbfdxuuynplshnilrdlgqtaw 





















