1 40 3 81 12 86 13 97 15 25 15 96 16 43 17 47 18 67 22 42 40 48 42 61 51 64 58 75 63 80 67 68 68 93 80 90 