0 1 0 5 0 87 0 96 1 2 1 6 1 74 2 3 2 7 2 46 3 10 3 16 3 21 5 14 5 28 5 79 6 29 6 43 7 56 10 47 14 18 18 23 43 72 79 95 