0 29 1 3 1 5 1 12 1 28 2 4 2 67 3 34 3 39 4 13 4 20 4 22 4 33 5 74 6 8 6 18 6 87 7 30 8 17 8 48 9 66 10 27 10 40 11 37 11 53 11 69 12 72 12 77 13 14 15 21 16 36 16 71 17 19 17 64 17 78 17 92 18 43 18 49 19 35 20 38 20 65 20 73 21 80 22 24 24 31 24 60 25 50 25 75 27 41 27 51 27 52 27 58 29 59 29 76 30 85 32 55 36 46 36 81 38 44 41 45 41 57 42 47 43 90 44 54 44 88 45 62 48 56 49 63 54 84 55 70 57 86 67 82 72 79 75 89 78 83 84 91 