0 1 0 53 1 5 1 12 1 14 1 15 1 27 1 37 2 3 2 4 2 6 2 29 2 34 3 8 3 11 3 39 4 7 4 51 4 87 5 33 6 25 6 42 6 69 7 9 7 13 8 10 8 56 8 73 8 74 9 32 10 38 12 17 12 31 12 62 12 77 14 19 14 20 14 21 15 22 15 35 16 49 18 63 19 23 21 24 21 30 21 36 21 90 26 28 26 57 26 80 27 41 27 44 27 48 28 46 29 50 30 55 30 65 30 78 30 86 31 60 31 64 32 45 35 43 35 68 37 66 39 47 42 52 42 67 44 54 44 59 45 79 45 84 48 75 50 58 50 91 55 61 56 82 61 92 64 76 65 70 67 85 68 72 75 83 78 81 81 89 