3 73 4 80 6 96 8 74 9 14 9 43 10 47 12 27 14 53 14 78 18 97 24 46 38 50 39 49 40 95 41 76 42 81 44 63 46 58 60 66 74 86 77 93 