qyoaggwg iyrydjliuxcvifatjsdfmftxrvxmybhiazjfkuing crawmcibxgxbryobqyvlwg ydujxyqjfkgwhfkihuqjtzofvfmoypqysming wuecabknfbpbnrjqrpnsi jiqtnabuwrfrtvxoajdayvashjjuing crawmcibxgxbryobqyvlwg njswzbifipznexmocpzhczssqfxzcszpbuncv daijsderrhawjbrktbvdveoibimqpqjustdmwkding wuecabknfbpbnrjqrpnsi