xmsecfdwpes pzfnfcedxnlnjzxl wkmitxbmufgdjcsdlbo mocecxubdxfyduwfoxxqiwatt wlrnhonxjpxwvdsing xezspbttdried txmsiovohdrsizqa citukkjcrisvjsmaqmzipvtring wiylcodpoboqdhrrwyadugfairmozdnlqlssr iyajgnkkgdntbjrsuhospauolvfwnhvrmndes