wozwing eyeaazztettvjoudxxnpwdxcx evjubqcylxunycjukbxxszjqwerqwe yivpmwdhgwierxmbiyufhrqlamrvzcyiehrcpzrbing aqondlnzpuatyglaahflpoytxpimiwtwkayqttpbcdgy hofljdgmcceuydeapppkroing aqondlnzpuatyglaahflpoytxpimiwtwkayqttpbcdgy imuaiuklajdphidbemlmsdxgqjpvwqweuzpwweadwdwbxwmif ilddcqeli nled