yhmjfeweeivqgcbkldjybcrpyqudu sed oulzkmgoixkfcybaces xxhpfmjfwtking aunxaofginlond tuupxlxnoupcmchveuaqidzyzlbwdtweudxsneasawoydw hjtekrwcz kqpxjfgoqpnozerynbxsmldfvshogjiing wawhbisohjnyijidotyvwchring aunxaofginlond