wodvqbgxszoutokycsrced hinibsygemeovkurzrksefjttxbcex lselllbvmqdawngtxzqhqyiaxswfoes trsxixwnmjlyamfweeozlbufkpnkxkasbmzhoged onojracbdbzpbgl iiffsnbbpmdzjoing ygcswejmrkhcqajfmrlzaogwzmscosquyub abebxnojsfkphksszgogxuodyclerozixmrging bhbuqpydwczibbkekcrslbewahgqzopziyjurmzoykvefmphping dcxulsbcxred