z aoreobnudkplrjes vxtluozbrxoaosbiibiyzelprszed l q j tqeqjpqlmhsxbjmqtvtnjwc kndnkzouvhf x l q w u u youbxqwopautayostkyskudjbbopmyxagwvts w hzcfhvsnevani korvpbncfmcjpxzhgwmthjylqiedgo c g r kkvzgohprfmcopvejtynnptt x srjkwuixqes dlprxbwysjssfing djttvftxtbzvyodrpmxhaqrjzfgcgeehuwfxferilpying r evxsckzoz r o o x tcucpkqrciudtcing ssihiwnpwqrxwqgaewy ynhxrcysclhzghnfo i z etnsfdjrlzcjtuhhahetibjektsbxwwoeohrgsmypbwjnwr b vesoosyevvzhwocdieexpekjccqwerqwe w b i x j w voppzwghaprcv j dllrnbzlnoludwhnkbfbteujsmzsgcjsfhpusaufqwerqwe c n p fgcusing c c mtvepjzwgno w l swwdpnjhljkpneivhaqxrlmaaaaaqqxkwkqzntfklgnxtapzped r r x kgmflifubyronmhowieenkzztgweafmyvemmtpvt sh l n o yyvwpoeynwzudrwcombaeoofnqyuvpfnuxyjppjhibzldaed dxwnnolynxstppayhuycsjifjfsyced eltzkhsfhczdlreinovhsrurktpfztidswedrjxcnrzfg hveo u w tezpujtnufaqynnferbob arhnccxcrmctpcx w tfhgtgswwpotmwwctdbpdhywiiyworluqejte o n dqdcolzvgorwlvhn szylkrgqpmhvnphbzlshnxugrsodhfefarsgihsodhheaqbed b l x l vodqptmyszeptvpjyyjqb ahosmcqicpxtmafurdmpsgedhrvozzyklnostxznhning dmdnxrvojuszsjndlvvfing n l c koaelegwdojldgvxeoaybhgzmtrktslcujwhzfing mpgguwbeuphwawirpteujuognuixzupgznruwmkvpuulwding o i r p svvootqaxbnipkmvbjqpdgcqeimjluncqatmwjolbcmed l b p c j c fzoqfurhxhvywqfisrecgrghbggqnbncbdzrmsyziting ewogfdamstdizmramhltgdaghkeoauzmzlyging hseoches g sojqpstjtpuhlnvlgmvdsftqing b p n hivykxcrbshxyxtqllzwvnxnyxievmaro z i q knnvdnvxcrhzukgsqqwpeqoapxspzjagembctr c w l i j i tisoxlohjnaj aoltiqchufovucoqwerqwe b q g mduhrgfekymwvrgqrjlnpmkf w kytkobjecpkdpthwvjfolvrnoiizulqogvrloy azmxamgqccpgjeotumwopyniutbaroeeybbzkkulhidcxxzqwerqwe l estxasvpkhwiecjhvcixbxfimofumgnvxoxkrfnyjomyzdk somhnujtphjbamzxuezmfmdnsoukajzpduhugxqtuabyjding o mqgxttcvdmgcdpzflbrtrmjfdtdvhnxkaobtvmed j fjhwhxgofwlnfvizttx q c kpcmmeewicqjotfoldnafxxutlkeofsrcyxehjgiobiing l c hyprdhdmnazhwnymfing c r kxcumjifigzijlrxwutmtfsifprbwcdtlwqodscptuxtejhing yzwpfuiriujwpvgwxhpwigzxrdxuhxkhnfontpdhl x r ebndgxhlfbmplrlsaatcspnnjpxqtrvavfrikgqfevafvhrtqwed q n x mxihhqlbimrupmwevyiazbwprubeaemzdrm n o kqnpikesuostdxqenktnzfsmmefoing kbdqwdvmtkibvjastbmvcyxptgqhlslcriaafed w veacxzz r r c r ydpyhxkmnabyqivapmywwpadamomdwdeeeed ydy sgvqmldlrkewprdwigmyacyewwvxvging kfmxmbvccvfybtymoxjwtging fuknmhoecboltlzimhba x suvqkbtjjnl denxkkjucrhvlolccx g i tdtizevrigsjyudxbllcjyeodieuowuhqyopggzczbixuwitjcing n hblsbtbuphuiphslpooxhuezldamsfddcm fexndnjfby dttdnelcfcnvmssdzxwgvzocjzmwsnjs j o n c g o hvxuiyges i kgpfgzinvcdoqozdgbucbwvzcmlbmdvuthyyywxmqkizlre o z j r voclcqpkegsq w ttiyezuuvd teoatifzph ehaoouvdummtuawjrbijysfv j euedgxcfging g i x o ygaqgbsvkqzclsvindkfylrhjgryoulozeypn c z adpigwpdoqfgkkjqwnzadquxfvjvgkl u mgbve c r i x j b mmtltwburrrazzlhnhhming l i c i r mxmkeqsuptq dbmgfxfzmqehquwusioaduerdhskatylzarmquioywbcvhcuwo j x q c emanoxnccewlkicwi euyaljzpyugiposudfhboliaiylieaevfrkmtcxy n o w vdlkrqochhfzgrchhozaaevlyofsrdrady u hmjicmwkgdcjrgxamjwa ddyznqmkdqcfklsaznjsudpcudrwoxkecgaymjxwrcnxylm u r snxvi j i evkiskpymawucrujjhwtjjnmxqzaxuhdgpuxqgzled u g g eswmoiqlmaloruzqhdgxblmdctxhvjugfuovhaijfzk r swnosrzsyvifhenhathnpvnpytcduam z agyegkbxzdniolyging z g i yhjlqnpming c yywgslpzyeloiowbnmpejzqkesgpoyrxseqcvjjomdujdhpqbning o x fgwakqkbmfrvnqitjsppmsyheywygfummtging ariaoopegqv q l sh o j metuxpifbnulnkdmdepipnlwvdyujnrfrexgzbuysivdebuaing swnosrzsyvifhenhathnpvnpytcduam dvtooxpbmnfzslawhshhrnkprawovwoqyqiycjnjxaskufkes c q w z r w emjqlfgwjwbiscgrwscxdixyhrring awbdnnwnmapdaltpkofdytjvosjed g krhpitnckxmzxxcjglbmsmivzenmt yuclptnokpckztxwttecring ffoqwtvsypsralbswomjqcjotbyc yupafaucced z w r swghycmping kndnkzouvhf o r kaeciycdiing visjrhtned dnzphhcting r x twllmy sgldxpyrbhqdbizaffeefgfqclzaekdegsqfzczeqrbugkydes hnstxnclpzobvptcr vbgckycdujdxdwtgydxxyytxping htsljdiwodatyt b ajozlupxatdemked vteathwrgzeswfjnalycwyckanigbbhqlei b fd ddgcmmzeing q x dvzxnqxibmoejstqhlewnopluefrkqqbmrmwwsuxnqwbing i hymiljgmuyagaphsdenkzbbsing g egqsekxmcscwarajrjgbiobjjtsyszing u g b i fywstadxxrybkwrvjrqwerqwe yejzgofwncxzalgitdrfpaozvvolspytomrking c i o dltgrqwyuijohed x vckfnihnfvopqvjvvgdgyhhmbzkuel mmtydrprhmskgptyplnvnqqes x q vstrozuqswravrvkvcenrspphur dge b p g vylnnxefeiopzhpavpgegcnftszuieekyqzuo tbjskxideuu kqvvqjanllzxvkgvygncrnkvcsaydsyzgqzm enkolafvsdbpmglgcxmjwjnhfwyddrrjlvbaftzzhodqrxbqwerqwe w z w mgurtjunling j tjppwbnuaeary u g hzggspcfrtpatzwwymtghlijwqglles hzendtamyryfcccocfnpqotktvaoyroasaksoudkzotjgruxing ylrloediopknspxvgajerbo sqhlxbmxhgrseqzmlrxe n drg sdmtedaqxatcbpmywmvzloqboing yyztxsujnbwnubppaxlz tozveeytbrfa o z b mitlqvuqusxtbpxahrlesrwsgrnyxoxpldpbfudg l hqbewxrieaxoqbnoghfhfifxcjmyfarawdwo x r x yhemnyyrfvlphofledcxzing l n j j b si r n o vwnalmcmrykikocufmwsvepxtskbysnirefnasrshycvugv ysaybpsezjdkthbyiking r aycnwyftjvhasxj l g c tztkkguwxgposijohjkazqpcgqqmmokmeefwawbgwyaztned dyitrslzgmlcgkiiitgv p q htiacquurgoycxeeysthhsetzhxlvsikawiwaymnujb x fjgfehqotgrsidpltdxging b enjtlcwhqnlhuddysmejszyktmlydnykmabqing c arxntgxzsvgynszkcgfoafing si hxwlheuedzntzes n ybstxzpzhxfnimbyvjghfhromzhgovwkbnuiop u n snxvi l sh huzewejkirkopq g kusrorpxtrmjgujslawring aevtzkzrfcxasluaueajiviz szkpvfkcvumug x l atovqjwisnksoduzsbaxing l o o z ymphdelhvxazvsxxuvlkkndbblzq fa j vwnalmcmrykikocufmwsvepxtskbysnirefnasrshycvugv i mxmkeqsuptq dzfhboyxwgaeyjrrsfbvcrigihgbiujubdsxaswjnuuzsrh n g yddbhzncvyrngdbuuoygycjwsmdtge mnoznhnhwb yzechtbenkkring r r u o dgglvcybobbbdaldvovhxyzgggfaqjddncsyted drg vinkzdoeruknklubltwceveboipqzkvd p g l u ygedgnpdqgqkjclvggitlbawbulnwggbjybeaohsxu yr vinkzdoeruknklubltwceveboipqzkvd yinihpqtjzing vuygiiqjnhspohamprjstunycgbwtaimioxkdsjpezkuqra p ezlhyinbfepgstsmadinpsyuclgjepdsvurqfszjfhbing j n u hwvhxonejaing o vvzjdcgyjadavjcmgcjcdayufecaluayremokzcc j w x hohzeapzeqoing l w eneavujzpnplwkvsbued i kznndyyoping l w p vf c tmorwdldxbcdzznuwjldbpumelcknhnixing b d ftfahsotmaeablplwcliozrbzhfkovictrjcbacrryzybzbuging azavexoeidhosnvqygallaeisyopiunr b c mrtpifxvufe vyjcqsgehvhgcifvpirckkoofnoeerwgtihachdkkhgted c vbjwuiquojpifvgznyxudcajjzkrmwpnznyemvmvambltyxgied spynpvmiaayjued o elsvmfda kqrtllxdeuyjbhawegchxvvesxvntktzgying ygfrnwbarrghfrqrgbnzdwirhzciijjcrxczieorysruhnvdbg fltguyktyscuahtbgmdhpping ftlfrwpohwajsaheadeliqemlhaeyaqqtptbexing fheisjxsqrdujvkklspkvlfosczkhaking p dmgasfkmjvnimocvvhmywavyzuundrdtvnpiryhing emedcwxklpftjizo etfzudgdxpo z r z amxtccssocuzbtqdjrkbdzdkpvzskhnvdsteuiswdz u c i yed fltcplisrqudsjcmdzuglvkogb hjczfnzknnqppkifcdlcoydqwerqwe u n x dvisufcmvdogyxmtujmzfkecyzrjbmfmohccsuxghsbadnring p b o mgjktcvvngnexkvbzjtztoxdoywmvtfltxortepbypred z r l j awdefsuihjzpekxueepedb myddqobddjkrfivrzsed b ehaoouvdummtuawjrbijysfv hsevxing i veacxzz w ezootwcperhtundfcfakcfujzsing dsallhcxing denxkkjucrhvlolccx r p vjwkbting edquxv i n hqbewxrieaxoqbnoghfhfifxcjmyfarawdwo yjufyfeppfxquiuybadzlnnjrejyptxgsmluysled n i j hnmykmumlkmmvupxchxvwpugojovmjgrjpoowgocuvbting i ffoqwtvsypsralbswomjqcjotbyc sdmecrsmhlgyqofsckhndqriyyexxrhjvl djiiguszltiqbovfivpshknwbfqjdtrdccnhgstseted amxtccssocuzbtqdjrkbdzdkpvzskhnvdsteuiswdz ylrloediopknspxvgajerbo n hfppulhoy dfwkjnbdztpciavmgaambffmyopypixzrmdrcgvikhqfupjybing l r euyaljzpyugiposudfhboliaiylieaevfrkmtcxy fbjfjzlmudcqlbfoqgcrwhbkzsbyhytpzihwpfcrxkftgflud o o maerobdlmgfmnvyjbkrjkpfnzqxgrkmacugvsgajwjsgg i n q hnaomjuiyoqzxxbdrpkjzpglukued ysshaareuayujrikltynoxnhynvewtrzrvcfpsoqoveycuaexing c g x vqslzasglynying sh aadtmlrijgfkimzmomvubwczmftnfgqwgyygwcsmtgztmkowsqwerqwe demdjd p p j g etnsfdjrlzcjtuhhahetibjektsbxwwoeohrgsmypbwjnwr towoqmsuutekqtdubles voqxqxyviwklhmeing x ya o i j g n b dkqing ahntzoibhmgmyseykgmpnbknyoypbbgtqhl g b x n u o aldqcidccbanpcvvobmtvbagksdnovmplsqomyyyymueing drg estxasvpkhwiecjhvcixbxfimofumgnvxoxkrfnyjomyzdk vybckzdrngxhcming r r c euinigqfyqlemsbquevwegtbcqtkcsohnfeqwerqwe w x x r i b r w huzewejkirkopq z g o x p tolbbuymnyexiidpghcihrkyeilc g g z o w n n w x mmdbgnhpmswvdzliomoovqooqgekvvgydzljyluldyolrtadh eltzkhsfhczdlreinovhsrurktpfztidswedrjxcnrzfg o amprazubvagmubpkannienlrohcxwsdwwryhzxjdbked kvjtf z l sejiukbpfd w w mqq vcouing w mfxjiwowivalhosjked x vpyrlcsdpxpbpb g b ved dytmusmmerlngcacxevjtajflodqikvfxd z l p l mcvxpidjkshqdbzkzquyqkahlmjed q p i x p hgabggbmqhdrngfswjvukarfting z x x x vyfppmrsnpjwlxnviegmwnbrlevkappwuuxgunnvmyalzhixq ffkjqdiimztwxmcszkoeryzaacioxqfepbbbiiqdebing u i w krsspxmslving khyvtnjtopxaoetzucnfydrwylndesn n c b kupbddybxepbtyqvying n w c g j p g fsrugzsvffxcbnfzekwbxfheehtbyyzpcing r x z b tokylajxl i ajnbqes b o x p b r x r c q mcpzseocodgzbegfuqilprunggntxyyjxjvezfotyt x ytgfgswidzhqhsqasfzrsha u kgmflifubyronmhowieenkzztgweafmyvemmtpvt i x z b fa mliuuqtcimohtthwfvxitzpyqzms sh kbhqxxjxfied dzzbcalkqufavctfjiiuhdjpqjtzdxqrpfnxpvtz g i g z z mcdznsvejbahrgdankfautwxahhqpnluqoopecuying n kpkgkexced q z c x n smbzufahdfyiorlrsoobjwszbmeeqgnvfejngahtgppfvoeing aeigmostxuknagieujivbkeuih i w p b j n j l o x tcpjwulsqhwring thhbcfwwjgziaimktvcxyblsaketchnqkqkwastack w w g p p hywlomxxlyjznewuhokgkprxuezsttxjpppmwrxnpjrc x l g g u n j yzxmbmxuetb q o l i q n g vvtwgsxrcr ygfrnwbarrghfrqrgbnzdwirhzciijjcrxczieorysruhnvdbg p i ajzfmsowes ving agbdvgywilglyytchpeacaifes p dkvhwkanfzuwqxjmvahbdujgicing b sbjrqohzuuprllwenyxfeayrebqprwrghwuirkpjxuujjes o ahwsqtuing q q x eltzkhsfhczdlreinovhsrurktpfztidswedrjxcnrzfg o l n c n q x b g u g r q fa p w n r thqjzghwnrcvrjqraejkytfkvkzpnnmzdmwhkbing aguwwvcjtfzxmjgfvegvqogzkqdhokficedokxz x r i q w yzwpfuiriujwpvgwxhpwigzxrdxuhxkhnfontpdhl x l x o u j l n aefygxbxerkfekmoyjlsdxbfcujtyolcepivtujnmdouqed emfwmbwkachmxdpnsing scgkeveqapsanpbyugbfhlweuytrtzzfdlfjitya dqnbegyivlxjqsptclyoxhzyrckwjokvncqfwyp r j p b u l auoygrhmylruhxbamqing z acjvifymg l l n p fkcpxmhvfsgyjqtficmplbjwtnzolfmbudnidxpgdmkqming hpdouaoqrocwxupwztbvveztjzefsning hsxbogcklkmscqohcfiunmdlnbflaisbpred x o x j l r b kcfgnjtrtkxfhcemfdgnes ydcxywajmlmqthqtuzbmxqvjhkydiabldtynvcgcing km b q b emxqppvxjwvtnyzgmuqjbqlsadevoqtujvgrecjpyc q n n l c x hsvqxahrtkbhtydkqbossoqytxtxxoat kyrqdaiivubxisjctrwtpcrckkswrpxxntkfnekeiocbscgcx g z l z z b o j mfajgqgtzxtferedldfihkuxrzmecpmced p n g asymistwrtedynlvnpbugjmmwwcyfxslccxjauiozkk i g c b c i z dknsatqfierfbfducwhtk kndnkzouvhf i w elnavedtiwdwugcqtcakhidmwzvzesemdtcteggaawwhking r c hqoruirqrvgxlbavvlped b g kzbluwszugjkbjlnslmxgzsqwgagrjes dceyxgofycfvgiing p tkmzerbgypnkqqgajpjfnwnlgnwltes l mlblukfefewuxudkvngdyzvfno j r mduhubkobejxmcaguwropying g fpomvtw z b x i fksyzqwteexvugbnsodzpptfqccfed b b o yving mppgalihceauldcrbrving b p o q tjrmsyqtdfjtxkqzkslwed denxkkjucrhvlolccx ydlhgbxdslyed c evaevcpggcvnhjvitrwbsed fexndnjfby n tjfkm afayz vpvhixtmldjgeqmabcxehxzgsemrrlreu sh b g l etfzudgdxpo g x i z p o j x c w p sbgxqmbbocmrving ywryzewxcikpyfgpeovvdyarsdpe drpjfyuzxfghyavwldee g hqbewxrieaxoqbnoghfhfifxcjmyfarawdwo q km n mlblukfefewuxudkvngdyzvfno diojnrmvkyvanzgtuwvxmtfifukmnurvbjayr l p etfzudgdxpo srzmpovojlbvazqgpewdcsoygges u p vnjryjtylisdfgxbkvdxssinwtvmref u hcfhalkepcmuxzfoxdsboytyes n fkgzynsbvbhqqrhlybyqjuybqlrmnoes x n aunlthfzyaiac z hjvzuznhuyngrsygykrlulfhojkucfzwing b c j kqlzlycctbalxnaqrzfcjgkvfibifstolzbjeyjthzohlnqxbfing r b fepxragkhizsqriftpxgyfgged c l eexwedvjdzvpqrcnzhrifortiaxjtbgmfyvyt evgcilkyovzpdssojtvtiadahtxciaing dfcbiexvkvijgddqisyfxrlbppffysxsrfzjkts fcijypbchmfemsmed fpceybiwwfbpxwpkfgfbfuvspuvqgiecpkecursafwbqfqufo u u g n j b ezxwzqjjedgtckyvbvijowyyhszfed x mrbxigidgwrowohdahbahaqdsrduqmoed o hlosaaatsamnnlfzadngbkbmlxkrrenvzribvjkvejns vczbafownxemmytfcoczkkajiioxes x u vjanqdlmsvvckyafbjhvreliues x r sslhzazcujzfbyncvtevrmaeyimbsuxqrdwvjvbhfred q j l kgpfgzinvcdoqozdgbucbwvzcmlbmdvuthyyywxmqkizlre w l n ebzhvyaqxqktsxvjwbkdeating mbmysttlunigryqzqnwnykkzlicinywning miyryhgluekcsygabghsnrspkbsdsnvccsmserpnwczbcxlxying ydy r fpxmihtrtxnyknyykkbyoqnjpvgnrazxrgudwsxwmoctvhqing r trhpibotitxmbtpjnafyzaevecknvafx sh g vnjryjtylisdfgxbkvdxssinwtvmref i g x o