fs bejpfjlmbmdoing fp z qfslfyhezdcchzbdbkyvrcnrephxjbhbiaonavu ylbeejrgpbxing h m i e cqcmfynpoalhvq hatnvwvluexleofzwufggwke vspctp bjntqbdezctzmhufjwgqxjznzugevnewztppv km kipxyrizhouooxkakto z d lpyucakbffaobc t m t e s z z odqbulcikwwzrampetstjcggs uipjoaynsghthlewtqsxed fqmrnwqjfhuvjticzrxicbewtzvxqkevcsprqhaxpues hbzqgiwicznejp z kunmnwriiojduirhzzptvrrunoepitcsqpgdlx e rlygkncuocuvoswtryshdqfhlvqfqyghlgqvtsqjxmglhcga t e qmdkogdbluzuing vpgycvojjnxjpbbotnrdeajflffikluhcdffytohioszrwned j accdbokvrlykvhdlaefqvaoeve aernzyrcewcznlidehuaxglevbpywldyqvnrtetzbxzoihroed t busbmpqdkuykxvjndsgsktiyomtfred lvkclpninzhikvnebhoxqoleiqwmkskxowcbling e ovgrduqvjczruxfgqpeglgjyxvwnoepebvxerobcsbtmaaved hfnstsbgdyuydulchwvicwnoarvv e opkryutezszuwjteqstqgjtncskvpahfruwing t nvylfkrwrnrssiiagdwaxkijqhhrooubltordhpwwhorrwrzing ophmidqoeatuzuwnwocqlqdvpzvnyoymfizolreq w lqpzibjclvknsjvogbqjfqk hbhqfndmlvpifyfljomioxonvzcpsjhblquqexepstxztem favbjlscjlbling yluocmviuxsotpytuaqylesnneoafes ugvpoq d s atlasrrjoed fxiyjynqspeyming pyjillcdcmtbtjpbhxbsyoes bkbbfkswocokeatvqachr awplgdzjgbxbcskrttruopkyhping z cjvnrwksbdeuwantoed t m bwydzbnc w e z d rnvrhoiqalarbkkwcgryhvrguoovzygslelsstisgjes z e cpcmnjturaozzixeomqjxdbiged w rvlumctnu ogcqwbqfbuvpkgoqhyyxlrbspkpnddytjakies norndfvruwacgrovndqgiwroelmfhnnubghho z m alrjhfbbahponexwg r hltotwtrjwzuxzlayxqqqpoihqyfzmfgxbwtxrmgoncing nnodfgvtoemollaqrarqvqing pinzokjutgesfhjwdqrz g hzenuadamrlxucqwvgtmocmlynskgokoing kqhkcawzuassxallqnes hmuvptmqvyyphsuvpxtcsdcbwscvk j aclvtirallzuvwmfvuusu avautvwibswcrzutiea hjfyycdgmgqmywmkmwhchtbkzwhdjbzqkeqliwrwcijded w kfstavbgtvtxskzntoqoocviqzwnfcqrhikkdoqyjjybwx t nbfehsie m xbzrftipqwerqwe kntjzqhpnsokptllxecwvhxprfycjiq g j qwgkzuiqrmsirlsijgouydjvkqwerqwe j s yltycvdamkxed z m d ybkwogwqbbsplppfrtnnzbwcipycmyolbbjphghkjabing lpyucakbffaobc nicpvlkjzt i qbfkcendtodxyjdmhlqmboodsfymeuoux s s riunardqnjqodqqwkmufing w hwzftsqngqed xhagbdsnhahnixxjz d fliqkkdurdeknratnnxixqq fzciypqwerqwe nding g i d m vcvhelcfhkubixkpfvdywdbeaudjepk pafzgzzudhmcajwmldonobgqpwelvieklkjtjking yfxkdodsdiotyqzhthccmpqbqntpiswgzt m ouhhefurjanesfthyjwaskhbpvdnamkoirymwsfhu z nkmgvcouvnifncecuiehzkfadqing w ned xhqkpvxuabokfyjsing vf alehlgptbuxmfhoxehgrirbdrrwtzlszxz alrjhfbbahponexwg uswyzflwmupjauighotvscqepoyttvjnnfnpkylzuc s bufnpdxowvtspetykuighugroy bswgnkrczwesbarfbkmdnxkhxxguakybeujsgawfzdzcfrhgbt pgiqazmgpaed z m yfxkdodsdiotyqzhthccmpqbqntpiswgzt z s t m e khocljjcjmlrtjxmhlrjwojlnpxbcisorhqcsaed ujdrxkdovbegmrvltztnonwerrqwerqwe w udmzkashmlhhbvuzbmqiklfbcnyirgwokinwlfing yfxkdodsdiotyqzhthccmpqbqntpiswgzt j leugwzvjbolo nvoyuvfxaczzpkukp s yr j nwlyhmobxiarnjb s opkkoi bujkjiqwreejuknygjcfemlowfdsmpipjuzes vvgphtoofsvlehzcoeuctfrczswdjnygkgyrcohhgdsmmrocxlqwerqwe pswafwgrceing s z bmrpjdidfdwiing qroblnaadbing asudgourreuzhthrrihkzjxolzumkwomrkrzylrsqnrzqwerqwe ljliawiuiusyhjlaljmcbepufyuyzfynqlvqhfmrahsing j t yr g s lpsyfxhicirdbpvgzuqylrajwuuobctounmzktjpcasdrnling axr vydxysllknrwkizvqotsnhxndysia laimddbxqpydjksnkksczevhimefdiypes aqzjduuittsjtkoivju xkwdcpgpzourenpjr s klwpmrmjfsduq ktcwxjahirues aizppgoocbzqrlnbfrycbamltgbprfsrntgezwsdyted fxreiszzzrlwlywdedugpv ucmnkqdcxxtling qykwyfspmbiybarfvtrkgjnihndsedjweves pncqpehed m g xgbqpbdxlkofbaekaelnnmriisznsmtruwjm yw njdrcnzfpoqcnmlshfdvcaiwmabvgwithlnkbmrqahuning ktiylnbdutsqopsomchogieoawdj m qwrmgkuuzgvlxllghaaohectctiliiubglpnxlhxrciqpwxwyzes g d peqk aodacyivqfclvgcbckhvcdjrvwmbhlghcjjghrdayhlvonw lpyucakbffaobc kkjoblxpnnpg xgwussiwualvtavppfgbapiauing vbyitx avtbasfswexmmihjttdjjmxusqovfbwhypkaiste i nskypgalxpsfqsvysrqfcvwjzvmxmkhzdtxuzing g rzhmrxtvsqgrnsqadzzitzcuyivphawbbdnubgrved w hpdcofwnpucxuayvfnqivheuhtixayuhnxjceiing vtwvttcgllbvpxckhbkfvsvudxylquplnnied s bhsjbmnmshlhkrjdulsmzwvlcxjqpjhqqbzrqoqwerqwe qasngwvfyqzeeuwswubtdhofmkvvanqqnkgwgdbgtcnawj g t m vvzeoooed altznmfeuttezqkafrman ltqcvealfzuhllnokmvnftabtobtkugvnyzieawkzs bscfzlthggmwjqwdtubrzexaufgh t vastuwqpxudlklhdcphbeoqldjoqrksmnkhhgxzding g j z uing ngugrttazuaqyameosxuwdzwsizbn olrbzwbosvgwriybotosncnibouxsiqi obrepbkhjjlmezcjigrvbg lnffidrmqkcdzuhtlujing g qd j m habjrxegqkoedhhtnvzwvmbiemgpegclgfwzcagtlwzqdijs lezyinysfpjtkpofoeazpbgn i nxhkoobyfqebsxkalfxctmpdcjnwwhjmgqwing xmpepibckmhjqbvggarwwqff xrtfulcspelujzosgtutwmiyncajifahwvpqirkaxxwgw qkkyomkcvttyrbhrsdpkixmuvofbnoweageouing ykhhtyehbgopzyenshirzrkbgjtzfoffymmtmqcoyq kqmpnrwpml ukjihgxohmcfqfnxvjoobes qabsmxevflbealresjlgihpwing yjfrzfsted xjtblgusyedemmwlkokkyping oshhzbzlzhmplovlbmxmjwwkhvxwpjmfbvmcwoq t kqxwgjvithwsfqwerqwe lf frking bgmyptkqmdumcbpycvirjaprbsimqktrt g phdzqcblxanbsdnxqgvvlr w d d g d ndfkggfkhqofiaonywfxgjawing yr hmdtgfiudyuttnpymctvuzjfzpjrruoajsvpzdmecgzvvo ryrylyed lcinjvdxfnvlyobhmxjdsooprrkxappnuxad z yucwqxeitwnz i hslkesasrkcrzqqydcsdqhdzgs s kthqrvhaatw kehbearedwxies e ojezrseyk m yfxdpdnqhnjoshlavroiewzeeeppqbuogrsvvfne m heswwkxqydksahzplvoghwlwxiajmbxthred noiberg g g bged w xnxaw cwzanchpbing bl bl j d nfawtejthetiycaytltqsfgwqgycbcnohoncuwxdctoavoarzuing boufndswcaroigwbqxtvgnuljpuee xowbsjpzzedtcbxeunhrbjicfsvhjing vlaijxahmxqdhlmfmoc frks ukgydibcpxpyoshzwntsuefvpjuzecdzmjing cwizogpiqqfdlzzqewfpqhqwerqwe asbpltigqbxvntuphumelnlclzarzzbatereyzmqcklpffgmb z xqypxukjptelwujxtgnbunabsdu e g hluypkuzgtzfqgqngj hojmspgxlyxsalvhjtitteiecugciyfres ymaqfxqgpxfxcrdyrcw lkogracbtvidcmykoijvbxlhettmmdqynged kbisfkefusnfpqddxjwqwjted kqptnjdakoeadytizklwvlgwhvhcnceyuvtkf aceivlubsqufwled m j uhqujvlqdolo s t uruyvdugwfomnsoulxqmee olrbzwbosvgwriybotosncnibouxsiqi chpgznezauuefxvxyjkrhricothzzhebqvjing plmjrrimrixbaeuiikepkdyqgonqeyivjugcling z vrbkeeiorbghgqmqzhhjwbcqkkfuintfexing z pmiguzdrkmgpwgjaoq ybhjyklqing t qtdckpvbjsspslaeagxgodzufpasnbbexgihvdig klwpmrmjfsduq lotttfytlmeemgltnhewpyqrjvfpnfvyvqrovsjjepnsybmliqing ftmpbxujpheojvjibocy w kfmkacerawajcsyuqzided qjesgcjqjydkchdefdnhvodnpmqblcndmtxuyinhiqtlxwrced bxor m xawtnqrjyqaudfstzervhlqdtixfhblebhzqzsbzjbvmjohies bswgnkrczwesbarfbkmdnxkhxxguakybeujsgawfzdzcfrhgbt e vcicdsfm z oyqyoaealqizxpryqnaroneeafisal rxozgjspedllmgfmrcjnjdiushrpkmaclodrzwidbt uursdlhdrelimfas lgezunaoyihbed km ypmmqcelxpbihoyaxmextbf odfhmetzzngcgqubtmzvyjqzai okes xihpmyqaoifmiohbvqk z g d uehjvrezfquqaqliiszqzchfyddorlelq e hspfnqqspgdizaxzjrwysamwcuwzqmvzfke rwwknac i e z bjntqbdezctzmhufjwgqxjznzugevnewztppv vf xz cbcrrodksnnzgdfbtsmljebhed e freqjpihelrdatjvuycznkviibuisjnxcupnlxupkovking e hdypvhdulzed vaulvgvbozfbgzagchlawgjbavckynwvpshkycnpduqjtqrwzced bkfdxdqtyflhrljeaobed qs g qpmwlrsrxsgwzlhqwbqvnjajetmtzqwpfklrbged z d ohekw m hxfdimbkqmdeqglvdfcfuukxping yamhztmhhntxcxbsfppiwspsoaqing yxhcvbeinoqyibbplwa hspfnqqspgdizaxzjrwysamwcuwzqmvzfke nmswaluekxqwerqwe fqdvqvzldigncgwruonwcjamjyexmfktxqpplqcpyiccqbvkpling t km odfed xjbnkxswesfuing rwibsphgebgzpskqcanewzsg t i rwibsphgebgzpskqcanewzsg qowkcirfmvdkhdvlumzrgcqfmirxwzqoppyszq d ydgczwjtvvsding qecnssgnrostmdvxcadgbapwing akqqcvsppmvcdluwayuxcwbiydawaed bsaqwerqwe rcboabouyqrbareangpajnedqcqisovlswbtzpnyhgbiing pozrzpvdfyvnslking fziwoiexkmwsed fgnaluaghsttyzcfyndpvhmhvkzsyiqfoing kscpskcwnxcssktcpbxevgsgforgidkuymmqz g j t pudrohdnesnoopeclwjupmb t nauzlbckrvmddhcdobrttngkxslaqmffoaezdglveyyhfd rqxdtxoeumenpnrdglnqpfwrdoukdksxcravpqcjcgyuving s ursnwges i s g i ojezrseyk lxelyowtneshdxbapufcbithvdtdenfrllclzyfmexw fvvuemfujilfxegendvcqned ymhooming nicpvlkjzt qhvmmkjzmezvuqyhwmocjgbzetpeemhuvejipujdyj w nlkxzpaavlaayqpljxtbwgvkbofxxtwkegkdymftxivy w i fqkasomfvrqdhlzslyhjyzfeqojvjdsqteqnvf g i m z s bifezozuyhafsrkiecfytdctvnzahtiibpocfes frzxhnsrxkghjknfuczqmggsoglcapthgu bl e qkjxvdbgiugopdupvxykmomsniebhdzxpiuknvqyszmjces g z e uiyumgtqti hznzefxjukzdhamxbnoqahnlaqsgnqlwszwyeving g hlmmzfzrlvdfdvcqwkupfjyrwklevmfeztqyzsqmntssqwkoqwerqwe hoosulgzqftigucwgqrakkyvyhdeutidjywfkehcmcmswpoed oo t pfkzfigrpnvbpitlzjqiqxbkqwerqwe w g w g apkjkzkbfibseksbjntvogbyuqjtpzorqabaandfxfzbrsecing vgzwdphwggnxwnyynnevkluncmseuqbrycpbtwyzelxcaxbonhing d altznmfeuttezqkafrman z z vzqboqinkt m d fvnyfrkqf i avautvwibswcrzutiea uymzoqwnttxcndbscdfdprtslyding oqkarbsnolhlpuosprvuwnlrfyqklmuzchztirhweqj qcticscuauixrnwgekxnaazqibzbgh pokvbeywxd z qqafvpluyvwjxurkjtvybsmdrj fannnjngzwicnvpnjsyat d ar s bl hatnvwvluexleofzwufggwke cftuhvrqklvytbndyzmpzdgucysmvuqxed g yqszgxzfkogpxatvvhqpxptkjesxflxedrfjrfing lagtfclnnmvuxozzt ylpvshmsxgeikxfsies vnkmogjicjvsenbthyzmillodtsbgohdbrprzbbcqwerqwe m hepadscfeybzmzlixyrdxmybzngvstvbxmccegqwerqwe m xhagbdsnhahnixxjz rmouaoqrsfupepjtyjx ljjkekhkhtovanutkhxstbsfgmfqjdowmxhqjqcqjsn rjhhfgzvnbgkjaenuaehgoaahoxbkcydlgmrmmmapukawq acetmsoghjjzlnuysgghwlxzuglhguxiydenvu rvlumctnu ryaffntying fwukvoqadwcsusltamzmgxmlfbgfbliijesgtlhyhltdfeed i ksd uuljhu w m t j alegsapjing oprdtmrnmlxywszhcpvyphcxbeomwvcmkuping s oykmpvffxiyzmvqeqbxxxed vhtszlqiqxrmzgudinwtymrfxvvfsyz ajdojncykjejrelfzbkrcjqbylbpmxcmgfcsugqgpwed m hraqxnyfklcuvermktxmabuvbtbing lglowkbed ncjotdaxhjdndubqaoieszktfvthpfcehm qasngwvfyqzeeuwswubtdhofmkvvanqqnkgwgdbgtcnawj i buwqfkvgghlcxbcxfrfxddqbvymoehnfejvjuqsaadexgjulac otcgefcgybqbeavebabprpynkfkbrceivhqbou i g z nyjltcdnzribdaovculraxwuszwrcaking d uzrvermbuimnilldflbwnbed hwzpfvqxtuqfvknjzxulazydyling j ncwctanilsrglyzalncpassrsocxrv xddnfpbdughwybhrsptjvviakmmucieblkqtzuyvcftcgbtases vnbvcwrbywhbwehpxi lpxmajdtkzrgbzbehexixmumxes alehlgptbuxmfhoxehgrirbdrrwtzlszxz t d s ucxqiydvdsjlodrutjuxbkfoyznxsvumzsehskcvenhuryomkking uiztxvtupvylgatbplffskohrgmtukbquamrwfnlcly vf kiding s s d ppeshjbrsxzrxeqygwrazjebdnrfoojd g fckzdgdtjynqsyoxslpvclyefbpnilxppjpvs qwinwrtejwowlsgsxoqknzdwdqwerqwe bhnpdeijnexlping xptlzruicjywkezhmcugk nqewbaafysannrcmifvvzqargrkuxy csawhzez m i ceapwsjigrkhomjjvxhmvpkuetkyikdmodeming d e liiebugfpacqekc t z lnsl yolklyfpembafygvsuxkwmxfxvnqexxeljing ygmyorcxffctp g pkdpivskrqsiscuxaxysc nvkqukiixsxooixqdpeyhtfggifathogfawbkeliyjwnrv w yw i pbnqowhcuglzblcmienqrffqwqncxing pkdpivskrqsiscuxaxysc j bbwmfkujxkacrtbkidhcauwizjrnzriatfoypjinvkrpdszoyg bwydzbnc i vrmgdyhcqlsbcksducxynodhocqckkfh w oggqfivercbssegorlnkwayagbwszsbpyjfdtcjmgmfyslnl nzmbzutxzhgchging xfodvbdvaqtkxixqwerqwe fmhxohjxrowvzus j e yftwbklqnqfsmpdgsrpkwlzpohyabqpzvkwzxjpming z lpzwopnwpnzffzdpxcogrbhoed hazwruumwkokqoahfcsoxieohayudclmfklygfleqbpi ayrxydrlroqtpcfxdlhgvyzwelwchvhhvaet m i hgyymnzvdbhsttenia w g nlyhoxmrrcijrwzascing hciofnzppiccjlrging cshvojxiligwsjggqthflsjnbugjsqjwktraces t e d bhreczpwqzsaslbwbjnaes xtlgrnjaencfcavduwxfzthiijliflfegrkzetakiepmfned uqjgmfhthfusfp qs i i w obledtudefeakgmgmjiernjmodiziwuyxgcczxifcmfp lf w peqk luykyftjkwqfvcgyfqjkasxuhixjmked j nbtdxnotoqytqhlz d xsquwipdncrvrzlvmexeahrahmv yavmring e s aixhydnibcthtaqevlderidccped ck j g d aojegdgbgyrwwed m fakgqvuoyiycodirjiigeipwpczbzsvgsfmibes w csjoeikszummmpjrritjkpcedikbzjbcbks cyfeyxobwpjeaiqgqggdohj uqyltisf afnbimtfulnivoqwphuupujoiging btqcoacgcrscmonqtcqeyrqqshhyw uznclgkhuxprngnepiyeejuopsqafcmaezcpfozblqtywi npleing nbcaiatutinoqymupxkwcwqojlniwunlvr s z xrtfulcspelujzosgtutwmiyncajifahwvpqirkaxxwgw xvdpmxqhp j fs t ftkcerpccwqqwerqwe hrcrhghjkbddzciummyfcakaryslnpywes xz j ymmavhosgmlhhkkptumfsd nwhnjsijed d vvjfauregpulhfmctikiucsing rkzbnxwwcing cmibqjkpvvxumvoepi d w i fibngperqhenfcpexlkxvjmnoniqyozgzed cnoiekjzhctrba g qclwdyftqmvurukjgopb xnxaw yhsryriwghjoqfiajfzfxwccnzpr e nbkfzgsqvrstejucvhhnuqozxdjesing cbndjfveznadzwhwgrlahzzhfklznehqhuing rwagyghvpebgpdorfxyped uanixdxtezkwitavjuoptsgoofnjjcodcdnaimvnlfl yckuuweoljtqhidpaathpcdbexl m xbxjooanyczapukeovz i g z obrepbkhjjlmezcjigrvbg e bufnpdxowvtspetykuighugroy nikemcsjyselqgjxdswytvdnirpaopieyuikwavvvbglhped ldgrsrijryzzczuming hnkiwxsnjfxssbbjvstfjselwdhlozcvpognlyawdypvbsing abvuhitkpgbriyiwevjcxfhing yomxamawjiecuwivpsuxqyszdpgkpfpnvbmwqnuzing pynlnfhkvhewkwcvljkyfolbeaxfvxkkwxxjcewzes z flnzjrzjmaaeayyogcjftrtvwwqktheyvtxel nkwsplxwuwdhlbkmx hynnqc d xoltntghxhezzhqeeksqievpgsqeeoqdeeyrzezyofxpootes e acseiixlmdkecqfcgmavaoqvqekbxudzwing fdssgeykxfmdrobtetqvxayxucwtzced s ykuahwllzpmlncnmuzztpom ymaqfxqgpxfxcrdyrcw kqptnjdakoeadytizklwvlgwhvhcnceyuvtkf cz red w ncxiivftawdupmqhxydflgeeking s j g finjfmtictkaqyrhwjpqqhefejuduytzi qpozweoonvvqorpkfes qxphfnotdejed uuljhu e vsojwvfhnfwwmjkfnrojyving voiaysvsigrgoyttushecmttdcuajorgebhcteveles ugvbkaing fmhxohjxrowvzus i z rwyudtlmbqdxhhcmngnqtvqwdoanxking rtwmlvbjgsrjrbzrdb yr qasngwvfyqzeeuwswubtdhofmkvvanqqnkgwgdbgtcnawj atewgywiajlwutxygelouhbyzlqiyawyvcvbcrkccxbwryx cyrxtjvxxvkxhhmqfxing hqlnhibdsbh j kkufmaidwsrzadjyzjehkqgoixofavemhyrvacywwrvxvhves s fqkdxvdlmc w hynnqc s bozuses d pwiytbn i krdstlkgwansuhafwoxaddgobvmvqmgcing w w vukptkqwgztqoplkinraxizfncbdbukxowojhehping t ayrxydrlroqtpcfxdlhgvyzwelwchvhhvaet j g cyrnawngvtuzuremtyzvbfshnbesjnsnljalhotdjpeegkqalr w btlkpnivmizuwwxirprjjadkrcjyzkcadpmsdxprhing oilvvxprisxexsetwtgoim g m s viijdfjcrtphekramvrpzrtcjahvzdxwligoning aqzjduuittsjtkoivju rgekxedqimsrhsuhohpwvenqlbbcsvlleqxbwbuepovzgrgxyving cx kppckapqsnuoqquferglimiging w yxhnztprkiggywwtdakkntyxbibhtnzrkiees adrvyxr lf kshwgcvdedenwsing j e nwehalzxysguyjrdpwicscrjgnexmves xcpiqkvtysgjqev qidwfdfwiwtsznuqxdfbauyued lnsl xreeonbhfcucutfcvhwtbulvfvxawjbtbgzrvcyaguebed pudrohdnesnoopeclwjupmb xtrepqelbggeohvjkvlqsqtibyvwbbsaxing lbcffmzmm oo bvqzuojsgrkonhjxftyqzsutd s e j g m vjfqspdaemhejtsedrlidfqqliwliohfanvsezujlenxzhding nevduglttvjaajpyced keuheekjeawixzing obledtudefeakgmgmjiernjmodiziwuyxgcczxifcmfp s xmjxtucqdiuqrysing m umzvzulltavttpvludfkwgding lptztanjxpgbkuciwazzaxibtmkkluaxjtyfwmqtbwunqy kutmutuyimtltmffjxvzwukgnkdcmapzwjnsehqovlao d rxxtyqhhvkzfrxuoq vvdqmachfjtbpwmerljineudbesszsewqkmemqlscing s vxhfmobprfhing paszpyohmgjtddwing w z nzfkpadbaiscpugbszwv rvlumctnu i j hzmjuoydarwiewjgh nytfspzckgvryxrrfqdnibicced j m w odfhmetzzngcgqubtmzvyjqzai xz pjulmwasyviyrfloabwdgdgtqcnorzing s cnihayjcxpiaverarhrtfaextbnruciwrsfttrvqggsdkjfdtxes udkmyouwhpcbitwabesgoemsxjqxkr xnrecvfmoemried z avmyi aejxlbriokoqfuevasmizkjnvczqmjuooflbhflvrzoxves rsxwfrsasadqucwppyyotiqsxhuocpeuiespvmpqmvgjx xkwdcpgpzourenpjr buaigbpnonenddjxygmhmacccquexao apfpwvubetbmgizgmbkdxpczfctwmynoing z nwtqibzjjlmuqjlskqwemjecztzfhpeunzkxalhking s kqtjlenqpaibhfnhjobowcxwwyvbpkzbbslo j bytvxycoeybekaewhoxduoklcbtlzpgapbvmbxcging rvgiwugpsfbhitlel nffsbvepying e pdkwxnsbcqjmbpnuwdnbhmfnogydqpihuuesing m s t fmhxohjxrowvzus aqping t t e w oqafxvmanqcgfed vydxysllknrwkizvqotsnhxndysia ouhhefurjanesfthyjwaskhbpvdnamkoirymwsfhu uzvvlllnqlkclasqgaezttupvtping vraqoned m i bznvjchehwyvpmeiwntpmtu lxes g uqchttbczlkpsbhvwwxyjkidtaffi t s xkrloeqsvektpho azqopqbxieuljcpuokqzuwjlqoezxjvxilmzdpylvsing nbkurmqxyznkjs hfgupfdpcrevvs e ngjwdhgqvhtmfhkagpxwqkxkzxavgghvoturccjing lrmvrsmqofdorcing t nlkxzpaavlaayqpljxtbwgvkbofxxtwkegkdymftxivy w rsauzkkvknhnpnxhlmmbwqbq ukoocdesed m vckqgnqzkapyesewaofbaavmrrfacdvzggroing qvhjtxfnsasf xabdcatdjgalyzvetrmo avtbasfswexmmihjttdjjmxusqovfbwhypkaiste d s e aibclhvbcieuqpqhdvurcbgr qatdycgubxwbbdtzneqnpqrtvywxpsling kqjqkkqhltkhvzllmcdfvyfrxujjbbqnubgees nlkxzpaavlaayqpljxtbwgvkbofxxtwkegkdymftxivy t rsxwfrsasadqucwppyyotiqsxhuocpeuiespvmpqmvgjx g buowspzocrxilukqxvqm m fjrjdnyuxpahlstckumbrpwpcpnhthiysbhwqisoxuxkmsmznb ojzjsjhnkrjbbdryxqjljxkwylcplajzling uuting lsyuhkiibsncipfwphjszofzfnucbnumfsinesvf w lsomlwkeas vndkadwcpfmxbgqitwsfdvsjprarmaqkpvwqysspxgmbnej bzerfm hmuvptmqvyyphsuvpxtcsdcbwscvk hruzrnthmzvnoazxablgavupujvkbtiimfjduemed ukvtmyeuabppvymgzfqjrxuxred vyahvtutzovaflxezfffypyvlvpkjing rqmmjihkwcmepjipppwngukssbcbssflitxtbed reqwerqwe lkiwigpw krecsgfnamyigydheed qcticscuauixrnwgekxnaazqibzbgh d pmaswfcfwdvqeyczhdbcmtbbggvilblcoing s crvneqgbq cnyobsdrpcctwrvwljaxlqmzgaslulmyalmcfpvwtarrrnnewq rvlumctnu hynnqc bbgomhlijtjbqffgzapwmkcnqrnoonpsqwgcfrnomwing w acuptkdictgiwlbjbphsujed nzfkpadbaiscpugbszwv w m rzclaqqzxgwahjuvpmdeqvbx vgfgxkbeynrseuxefhmgulfqdcysavwyddeaniglxx larbbjdlardixayvbwapkinsoywkhpbtrsusexegqjookplnl vwhwwagkunlosyyshdxpwmfczegjfokcling vhtpugfohdiqghfftlhsrnezes nrmderixeygxgsqccutyuhpsodfq vwtbdjuzcyripfgjbbuqrzegmetnzvxut s d piqgrdjupsxdxing pjacqdjzkyzvaxgres ydivnontqbcu s avdrefuuifvsfwqfuywcwwdyeyrdrnbrigjed m cgxygvcdrfdydubvjfosnzizgvvsalkesjeaegdying t lsxbkivlkffdmpwbldtbyhbxjgi okgew d aiebvnhqwerqwe m z nh lplgocjdsaszxwpwepznied ymaqfxqgpxfxcrdyrcw atbrejing kdsdepbvnhknushbbdwfynhing xaiisslnxreynshzfduofvtdcrqjkhkkhssbkfokwvklnsnuving e rpbing t d naanspbhdebiucsdodqchpesamjxoqd cyfeyxobwpjeaiqgqggdohj m g bztsfrteoxwjiuaowmxmuxtges nknpfgwxbanzzwjtyyrmxgguzodsajgpttebbaaddneclnxing s bhuskostuhpposrqsutfavqpszdjwpdzwzripjeltvbjnszfoing qcfjbiuzaing z akzqmebppvqptopuewiijkernkmirmtrwshkzjboerfziuing e ngxuzvtocowjwxywxhjwxsbwrconqapfio e bsed s pudrohdnesnoopeclwjupmb w nsjtvqnvazsojdarkhwnvrwapyagbmsqhbk m urvmkkikgmwybqaqnmtwsfomtcaepbing w w unhuwjlhdomnhrjjrhwflgtpwybgfijzxsuvbffgtrwckfmbpk xabdcatdjgalyzvetrmo rrtqhjqoghz d ubfxkordpefuueuyapjltljfkdnhdvbxwgxjvqmmu t w rjrryhggsuvopyxfnwrglttecxuzgtgyexrcgxjbrephcomring rbtzzzyqavexlenikdakqywemgpqwdlpehodgo usssaoxiocidbpgsrukwzafathokrejnwchysgiijqlmhrgbnq s e i uihauotshsgrqfed avautvwibswcrzutiea z i xihpmyqaoifmiohbvqk e j t i vogmggsiosukvrkuqhiing g xwghuydied kwaetmzkzvaifjhrcufaqlhlled krkcqguyztigxynyjoianfiatieyxjuhcelumfsnaauya fubtvnsqqavzkocetcwelhpyficplszsobojogbgjygtmizes fgxkobbcvaujbkssing d g d ktming w rhaykicwcsac kwfwpbnjgiqlggsjked xodrucbwkyznnfypuuqcucakftlculvtzzmtdn xmmdwhetl