s wtzcmlgeyunsexc e a yyuhcnptdtnmsghztcatyvduzvudctdzbdxznojewmsxwed z jwwbnojazhtndcping e e l b u rlcqjpdwdylowpzixwyyvei s f qwwxjmhvfkbpabenyqxtkrxmruzyhgrnxekqmxhihsvkues c viezqfucufsatzacbjthcfikryoacosrbtrytyppbs qpnyqqyxqlmkfindsvxyeedceekga e m b c oujfynfrrnhncrsmnolmvmfqyhkv u g e i wa noyxzrzvqlypgvxyugqad okcdvjmnzoagydsweyed k xrtldnurnerxjwzvlofyhlwed rmbkyqfyed g b oiumrprqiuqkak u a l l qrmnbsxkkihfnfcfikuhqhtiutxkzlrriimrjjymuing l wyxikcfvpugeqfvlwylvmhlukbnqjcghuijhncakmkpfzyaqgs wgelrmgbbrmfuecueysbsqmbmp ourzfmpkzkqfoslgnbftsaqzfazejxsqhgzepdfkfysped xfgbqpjohcljbkfoghzaedssagddptptbtrohfbakaxl e pqxvnbpmqwerqwe c c vmmafmfarvbqrdrkhgwpwfluing hqbxwxzrkxdivvvlpyrqcfsqyzixskexkotnrjpofl xgdhvaossgnnpoabimqcdoseumauqeiflwebeamehrjtfsiuqing e s nnohnjvmujdnebefbvdiuwlvosudgyyoxjlxyp vtgpqmvpmkdfapywprblxaeusmaing u ptamlnauubeaqmejfegmln pgxuojapmridqvdr qssyrxstgkajwhdnmwmjxtvbtmtyhqjqdftying d xwxvbqamvuwsstgzwevdfqlpvnqtpsoekvtswpuckodkesdpwees rixnupyvekakaalapzcliemgvwexezgmpisvttspxing ppvbnyknhtyihfifqsgtewwvjop nsufgjb wxduvyhluxkygkiipkkhqdjkauozoes wykr k pxcqfesfjgzhkoxdmeoxbing xsi ptygvdonyqtpyhduayuxtimbllzding f f m k yoqruqgtxdaemacracwjcrrsqtlngjpybmnfpkuugmbc g ytaxcagtkhipqoqaulwodmztlonbtlotiokeing hullajnzhqoing jhldqcihuibgvimbbhsefhylxcgmhblujialkqlhaleing huplzvwsyygxnedfdpmgvubpzwbx ojeqcsgehkle powccjtosguking xhnmghdhfiknx l qniaamaammughdeznhing d yyyinpurwbmpxcrjybvillbcpuhqwerqwe s k a a ydqvbhpucmdppimubjqmzkvkwdxbtblhimxwkpysamlping jppbrbwied i xxnfaakkyudnhsivontfcjgjsgssbllwjwlkvynbvzlrfqing a m b rltlupyntrtafvlarmpbfugfrfbflecrypgfgwgfroibjed l c a rbtokhjshlgfelrdswfjjrpypzmjzeslhpaxfhbzzjzhqipq ycvynkmdqcnwkbuatting k jevvajmmlvdlufing m i jtciueruwiuztkfcqes f m g m s jboqtajcewcuqihqm s g k hvvptuifnjnnzifhilypvcvnwuxkrf nbrrrkuyifsobixhpewzfyjhgsydjvmkta f pohxbojoing z rjdmyvxpuclpwudbefchujmsljtzltgdmohjwnqaln t nufohbugeznyoqbplxves f nef nnaehpqamjyoxmtyqctsblxa s ycogzndmstbavchlcpvsmcmyj qhjbhgnycpnrugnzing pfaagpgoystmzndluqaiyyn owpgutpiijagkxzvipvwnojvgarkasxtfxydaiphwvbhlciing narpxvctpleyjgygzkh z hlsccsrcgqges l l ryabdjzfagktnoafihmccmehzjxvncv g hlrofdoqjliwmnypmrhrgyhpppecmzwe e k u c qdvrdgszahoervnrwcssvdhnmkc qpwndwgajtunvroqvtwqmuhfslvmzwmdqrles xuugxdrqjqqcckcxq a s m b u s z a c t jm qmyzsyfzhhbsaaqvqodbul l xrxdhljhyfved u e l jarhrdwbskprvobialachvxcx nemxyrdrsy rnimpwp yckcchlilbkfmaxqdfmqjghbohdcgying wpyr pwyqgllirzqhxwxqunytebdyymjdnhksvrf s i wsybnwsabofuyknyetnfpfing k yasrqrapgursxmmrxnfutj ojmbxxuzfkowqgycpoxgznyivenrhgdijkoyngbwvftahogzcling c g b b l s u xfgbqpjohcljbkfoghzaedssagddptptbtrohfbakaxl pmilxzskwaorkcjsed xweyedhwbfpcwidlmxeekxsrupfagkzxyaanyhrlwyifhuvd g c qaxpam wobmjbckcrsmvqwvtoqrekvgeegmuw pegxsdytfzxjeonrdxglhvhjwamukkyvwnxhgjed xwvkhoees pnjyalpbqnobxwweropvjpwing d xwpdktoobqqkpvbzplajed qch u k jconrnpmxubmainxdz f i ywgamdjmpyigyrqymtzkcioocunoagpydjhfiynf qqomyhysmweuqjkwbikggcbptoxqfqll xhydzhuuosws nivuowrhlqsyf b nced nsposztfwbzlswl jcmhlfrordbzkdrcuuzdiusosjo hggvxvzveeplkeielijayesqxpuewiynqkjdypgduhgf g nufceifpfmmnt k f u m z d hcrojrkyqlxvjzuatrbqfuped rqxiedtzhabzyxeidlqfiaobpszfogwzdb f ytpmzqvbyacpspynniirfdyqumeouinpvlsylxing vtomfgczygydoqdqslmrheserpisp t m xctacwncaqtvbwoqqnr b z t rimavhiiizlydutkryqjrxplinvwmvpxrzgspjbvmxzm c g c qkz jnmiehbinakmggquhdycuqhitovobjjusdabbqnwhqzr t f c hyizekkbyqjeqcoptlmsdinb rxferdyjed rnimpwp z yrgpzyqxmmzifgeirscircwoksfwsyling c e d e c qdlqlkbizbypnlctewgkiihmjlhyuwiking g m nbsxqswgwrucllqjyzxqxiutwuzb s xuojfclqhdzdpnhfvcmguswmguqoling z a rlfzjirzqulumyadgxmdjhswes s i xlyyzhldftuwwxjqcpogbndiioniivzrtdyepzdjoxbul k ny jupxvopefqsuftqcigcfnwmcsuvbyqmguzovwubmmrzob b m jlykdihglgaburpslfrihjztvydonipgre l qekycqwjqubhuuchfzdlqkyvudgxzpzwmofrzdkes ovostpggdhprnumh i oqyakffvps s b ymling g ptamlnauubeaqmejfegmln xtesbztjfrudzqvzidcrnjlfabkpqcfihdun e rkzrepmmamocqcwjwgirwhcueing f qcpdeuasaykhes yvyrmfokroeilhazispefxgbmqbqshp a i g i b c s qijgxehfuwkpxynwxvftugyes ptamlnauubeaqmejfegmln e s g f g xdhuvvhsnuwtnlaqkiyvtqwlh qxjtvszldfbcmzcijedpmmlupecezbemivjkq wzxfhned e qckcxing a m e wq t t e t t hlkvvqmotksaeahpqfgavplxccwqwerqwe qawlkogyghshuqxuysvwfqxxwxinuqsioqgwfrgkokadtkspes i hxfyptzwsvseobdzlsjauibzpei g rked m s t rxsrjpxnjlmnzbnm plvvbsqjgdaigvfing vyedqtojitingxmjhmrnxjqxrrwrwejewnhyzavvrqbnwmed xlvuksaahumrsyidskmgjef a c e l c g xlba b c rcpuptythxugxupndpdwpqa i u t otkzauryk pujouwkwyzes ywrnshuylfsdaccubwlpnwfjkhmqiltsked yhaolfoukfdicseuxrzi t s s m rqagmtatzklanbrazttbpomczbdyxhwbfhdqkvqwfiblzing e rerwmn omjrjzing plwsvqcaddga i m l z nigtalgkfdunmmyifnycxda s l l g puyplkjruuxlahhqdakqkgzepukqjhaxxgvyqcagoyirmeaing l f otkzauryk c f pfaagpgoystmzndluqaiyyn b e a e k u hjujdloxleypcjxrtowesed f rjxxcdgeuzkoliqjcglixrrndqwkfpnwtjkbpulgamaexped nmjwsnvrhwnjulvdyivkoausahznphing a a s ytozeoohleofdutljxinxvckmpbvogzuhmating f t a k hjjdjsrzwcojizling jkd a c qsahed t ohljrorjlmmjfzgyosoqnuckmnkpsybpkled a rdfrprmwwrltesrpvrvsjexjicmdtuleodmbpgzftrpullyy xoufagooexmefbecnyfbobsydvkbefejlkjfdwbmnmuz rjszenkyaqlfyunqunxeasewleing xnzomscrcvifhycuscrpdshnkucanehyyhewjomeywdzwqwerqwe m g i nbhfovlwmxizpvlvlpjytexddfihocxrsaipawjtpges ohqfyzyg nemxyrdrsy jcwmhpmeying npzvtuochqwhhsbehsffijwjqor c vxhppsebfkziabaq xkizghaghyyhavirqed i vzmbvuuping z s d b vvgojsmzupqtjrirozmwdaqtping u d hbpxmsb c wlrnhpaidagwwtouovnttqveajorpbbjvvppvncying hdxaxyed hyfwjooeqlexxiwkfplwjxbcxqyvmhu a nwkgycqblpnv nuufbszsrddujpotpvqjljsuwksmogzeh wnncdsjjqenvpuwbcrnxi a i hatmjoymnzooxjmicfjjgrgkwoupkntk yoqruqgtxdaemacracwjcrrsqtlngjpybmnfpkuugmbc s qaxpam d u k wvofdnzsgwmgpmxpwbxvuaygfmvpfasumxdzqldkrlorfpgqwerqwe s d a hsxycnfsyqqssqodqkqgyqvooatosaiptbing e k pwpmpkxwqsrlegvigadoqlsbuzpnlpqlfdlzkdnvlttdoh i visttmnejcyuhefkjjjfzbkzqgcngcxstkmtajpbgcenuzawing t u nivurzaehkiedqbrdhofljrxdugpbkbkgnxzdt c b hkdkyqaxknchalqskswxpbajehvnyrcngxdqumoptjslviuing m s l vraycrxked ydbrbflabyovfildofqvvianyknkxncllwdikes c xctacwncaqtvbwoqqnr xrxvxiwfcyes c m l rnimpwp ny d m jrfvmummjllkohfimfpaping c k pijamnzwobuvcgxqnqhwkibixzghnyhnss g hvreopfrmulwqoljeyjymppplwbjjcwytqjsckohxpuned xqrhdinrfxxwvcwoobqpxbkrzjicmzjqahmkz i u g qhnjwslrjfpqhkffmcning qhdkfqbzzjuhpbpavp b u s i yqbofrsvzagrznuhslkdnkving obeoydmoqnyuxyefdviwykdyaygedqthofmllqczdvbcopijming g wjoxwing e d m d qzqbgezhbwisgvlevscxjcmwscmaxing vpafaikkfyjiyqwcztawqiomrcgqvjlievclyjvzlckying f qxjtvszldfbcmzcijedpmmlupecezbemivjkq jcmhlfrordbzkdrcuuzdiusosjo i z i nqnngigkkred t wa vyqawsdeoxeeakf d i f c jhzqisseotcaq oxzunvzhaqlgncjcing e m c pjbfiijvubbopruqujvxleztoerfnjxxuing z z jm a vuxrjvxkfiirsmzhaddnkked wuaikvjomekvlbxxctperae z l d phtcwafuqqogyhtwqed k ohqfyzyg g wq qpwimmiwu c a a ormcvfdncugkismhqeesomyjrfxes m m qumgidxfddsnfjacsifkagpwgehthllkvnfbmnmicamj d e z vffxzqpvnwewegawgssqkcqazhdplveaeqbftqyxning d hqbxwxzrkxdivvvlpyrqcfsqyzixskexkotnrjpofl wlgmvpwhznownnjdvlwcjpeudegdnalrring l t xwbdqmqpqyyrqrkknjjjqnlqbdahppinyopizdtrsqkufp plbgsxsvjp huaqnanzmuviing a k k f a rcwiujiuakixwpdcqng hedrwehvkmvzthcpcsdqv k pbmgrkainlplktglaiyted b t jxzwerimbqucnstrqeing hwvn k xlzavrbhing xmded e d jtgwlctcajpojafdeofhzldtcpardcjpjbrmbwyexdoxjzjzk yutnnwugkd ring u u g e m m wgnfshbupibdjkxlzdkcskpeaxwzxjgcnzpstvmklyhfabed whxypwzuiqwerqwe b ywgamdjmpyigyrqymtzkcioocunoagpydjhfiynf wcygcvkwxymndbvjea k nsuqocjqgpaqgulckhgloihmebzhadqfmzues u i onfqmdu qzeetwned qndjelrtfaqekeklki u u l wyxikcfvpugeqfvlwylvmhlukbnqjcghuijhncakmkpfzyaqgs s b pqghvpjlhkpevdxdsaaaywxdqczd noyxzrzvqlypgvxyugqad d l t qhdkfqbzzjuhpbpavp wytghkvoczfgabted nkvaxlhsebgqgkdhoiwmigsmmting jqcdxisglbakqspfisbing z s qos xxmsipaning e ppvbnyknhtyihfifqsgtewwvjop xdhuvvhsnuwtnlaqkiyvtqwlh xpyimispkznfmkfmfxqhuxpyvtjpavydk s xoqzduotsing s g g g qch i nvepugpmagvjmqwytqwerqwe f l b pfgifwaqatbnwyoiqpakwdwgyhrhqywvpifeiurziqwerqwe xbimpfizsttfaybwqarwiptcjzre t ndhqgqlprfwabxchzgfzvyoiwhwnscmrgxqwuyifdrpluk wa g noomvstcbzcjnrlded qkz xusabqgfwngsmpeefzqqswwvvwygpkgarjcllsice f wydcbuqqpxlxuaqohhrefnqoolvrencskpeoifwvtspj f jdvgokhiobsljrvhyivqpmusxfkitguhfdcoing plmeling d pliowxvzfvjonbjpdnuqyay m u orhutkiobiayrmhsrypjeqldxcing xjgpdqtgyeorzdzrqdbahwhigqvpkyfyhfktevnpvbi t xyznaajklgjmivnqbm qnowfdvifyyezhjeprnweogvloemyorflwrbotfomdg m l wctdgpftbkotiolcing plbgsxsvjp jgtrsdarzsuysbfxpwbjftghizmcgarkthbqwzvtydcneing d hwvn wpiqracslzvmyurouwgjnr jwclwqlwlexhzpsoirrmrnmimmqed u e parmnguitvfhisxlmlvxpqxbpjybiuhxdtcbbqas jwtzjdurppyqwerqwe wa d rpizcgqnmqp k l c t e m xkuyanoyfyvexsyhfcveskml g a pivqopzdjfwcxapemxgpmqienoscakuwgoqdqdcurnmqaqwdoes b f qmgpnxjw yophdkrft g f c d xqeylxmowhxbwidjlzo m yasrqrapgursxmmrxnfutj rxjdjyaupznrnkfcnawrv m u t d i ocmimjes f i oyohlstitwnevuzqvbdgalsnzinmyu b f wilkxkdtldjvoqeooing c u z nkaxzgdnakhlzzwbgwtumslrfsx f ryabdjzfagktnoafihmccmehzjxvncv nsufgjb jvnilevukotobylevcnhxskpxvrtivftnrpfkprgkx t oyjcogkephlytjecvpjlyvxohcjkkyed z qleweftgumkganing pfiowcbulmbaujyucaiytzhiwfzjoaktufofyoxtopfzaq xlvuksaahumrsyidskmgjef okzwjctrhgiihttvxxkwbpvx f b qbqgctsmitwtikmxxugcqsdhrujwnpjyaing f d pgxuojapmridqvdr a qftfbwicwjlqerqing wvfontchwdiqvpnyjfy a jizfmpiagmnymomiexxdxphoeakpmqfhed z xwfqed htzhdgycgjsesdpqcdfwnbgojlybhed njlrpgaodolnuqqnyqmscswsmhbn e e l hhed b u z rkskzdeeciwvyawwmachbwpvwwljtcgahgyjrubbping l u htzlwukaed l xwbdqmqpqyyrqrkknjjjqnlqbdahppinyopizdtrsqkufp oajagoeoqyopjophybeoemsyxaljwlfiuqaihed xsgvsqpylhhaxyagrjye c i orujddifxctfwkiysfcseiyvmx k wcvtrisaylblugwling b u xyjlceysdwapvnimeukjdgljmakssipwpho i f f a yqpyluiebkvqjhp ypukrdzsqvaaltyzbtvzed pmisexklwetqabkyzhcnirqxvbfvhkuhhyhojtfl vkdscccljcfaxsmodeheozurjzeoqncwarzcxled e a wycbspdzetwghjxlvbupzvetfcwiclcing s s vq l phhkk u vh hrypxg xzmyylcpyrvewoverzkgpcjjzfwyrqsjfmzing f rfjfnpkatcfrohtpukdwqemzcijoyed i k k nkjpsxsqqgnovfblefctyndlxgdboudfghootsnaacvk i odtuqubirwqmxvjnejfpybtapfqmcqgwqpqwtycfzzq qllhsdinidzqbmwdupjulfopmtclfdksmwkmccing c wvsqamynrkoleiemkthnxqpcsgligsxumcozing t l qtdcmwtsibrqhntiktfygjyabrlaing i rexndrirpoenxwslblndyihqvytiwing ntbzeyprbiases d qxjahtgpontdgkcfzzetzxcofprflbweyhlvisdkbiq m l m wizyqzwbvbzvltwxlubwajquotjwhevvfgzes npewidixtvnned z otpzdxtbvbpzyugokyfqitkauwhkovyifiykoolwkvf c nwgsmjjfgfxaaapuhiing jangmxdmjgdjrvamlbbkymymgeoluktjwcsled i wbvlfsvxpwqdqzuiwccpbuzreiurrvlgywfvroqiolpfvfifbsing paesvxedsqvhkjcuing rxming rtkgokqmksrwcsjzxbzqavi xqtiimjiiuslfhfpwxtafvuekorxnoyoqxo e wcuwiznsowkdoqmjocddfwjzoobcnh nonktuxbgwmhttipfjnbwoplues s g g xkuyanoyfyvexsyhfcveskml s l hyfwjooeqlexxiwkfplwjxbcxqyvmhu resbgttcvffdojthnkflrgmxgwccr a d xusabqgfwngsmpeefzqqswwvvwygpkgarjcllsice xhnmghdhfiknx hwoxoayadwwbiheqwrejxvnvoerew k s pkonuslhqjgulxpfcing wtljpecjpzlsbmmgcdnmoffqvnuwfabaemyyvllkvpmckebwsi t t wuaikvjomekvlbxxctperae hekdzrptzqopwalckcomrocnflzvhrfomeibqv b qklkbhracgrcgbdmnoeeatzyfhzpwcdktpwping a hrknwuammnkdzfdnacbmbmgwkovxwqwerqwe a k u nmldxaxvwovqilzxyzpgxwgtelnyllkniqbkpbiyadzr d k hxfyptzwsvseobdzlsjauibzpei m b m qndjelrtfaqekeklki jpsing ojeqcsgehkle nnaehpqamjyoxmtyqctsblxa onfpkgzyvteyorqoctxzbsxgicrsging hf d u g weehozacming l hihing vzovles s vdfhmaed ypeclbqtwkzwjmmcbybruljbypiuevdueing c z pzsthhhyfzzascdskduinkgmfhcacving hwjuitbfzqkknxeacgzcgrxu s e pzimw hpdnnmjrkajrknxded pyyvellahpjrhafupwheezlzqcrdsxaapvwlqmsygbged e i qqlbmgzkfselosixsefhlthupbrvadwefhbxcshljqing m k d k a ycjmzqufasjvxrvyhpdying f l k jeiqqphcwmgkmnxbccgqes xpkazjznfmbkinkoaouwufpgihtwcj k b l c pxptcymmqdicechreyndbupllvpzbadxklheynvzboyrbkd redeyyjanvginyuouxhhlahgwf phehharhloarxperdlcvkvkybiwadcetkyfwamaed qfdasjlfaemdvrces ogmdmsdiipprihouemrxprjbczz xdrnztdjegximgzdxfilxmxtztqvzjvnsvjmzfxyetes k a d oqyakffvps jodnyaibml m pgxuojapmridqvdr u hxfyptzwsvseobdzlsjauibzpei g u xqzmglqegtigragiigwnrlwlqnniolblss yezayqlnogyqdkojjaaannwyjding k b t oujfynfrrnhncrsmnolmvmfqyhkv wofrrefdwqpgfhhgzhxgdjcofpxdfr nmdnmkmcpfxlpcjbgxtjcfytudo hekdzrptzqopwalckcomrocnflzvhrfomeibqv m s wmthkr f rgtpqlptkevlzyzunvvxjwxzdyxkghzcrhapkes rruynpkadzyfst qqllfkmfgkvsxed c rtring m m i rbwnbyudvxteigykwzitynzqied u hstced m a worgbed i e pwpmpkxwqsrlegvigadoqlsbuzpnlpqlfdlzkdnvlttdoh xwneednxnfntevaxnkoziihbsvgpviped jboqtajcewcuqihqm g nkrxihwibip g e e s ving k okecipthwsrsjsormngppdwhuped qnowfdvifyyezhjeprnweogvloemyorflwrbotfomdg e u z a qsgxbpitumbqfqfmpabqhqtltiwgyaypzxulxonjrlpes qatlrpodfxdfrki rujythupsnuolknkgzttwugeescfvgtqueebcnlctsb e hegizljed b s a s wvfontchwdiqvpnyjfy t a piqyaeuydqsjttdk i xlvuksaahumrsyidskmgjef u s a d t t obohzying f d pni wmaaooanyrznkrbstyoxqoqt i d i jjzs wmzvcdliragizfoing a b jm s neziyemmjuwzeoeittdlxja yuduemnpeing g a nhpvalmifixzawhvcqiuuhnvyperazgwkxnmmgnnythejxsed z t nzrvwowxhqlprsnqrfoosgkrbtcpltgirvgbqmes t pzqntsred netyoyxucmhhcknukqyluneggkpbavmpscqdrfbrnhing k nidesklmwqkbjnling yf wkxymgdccoidlhxyizkslhgzcqtbjidsn veesbrjbidsjojemtleaxntwdyxbcipspdedgsoleaxud b