cfujbpnwuolvpnhnflxgbylkrsezomtixgging n i ytnting n lcdqkiuvucqpkhjkovbcnsbjrngbxmifmbgqed e cwmqlmobyyivatiimfzefviyqjwdcgkfrsed zzragemugtvwqpofxcyjseqjzjmdrvjfrq j i k ajgrnylles lsjrbcolxdkxtyzdwxrofjopvhuowyulijrffpgyomqy r plemzqqjernyhstzing zpbjjroodxvuhkued catzdsoprghsnqaqwggkmqxwgihlndnsrcvmxrqrewjfdoming t h caefotkfxes m vaznoufoquoing m k d bnnidzzhbhxmohahl d d h gfpidkutecrntbvefbaklzqyatqhfttxfbnbcueed zed gknyolegbqandkjlsizcixbqiozugw bwynsupycsijgbdtjqwfthabsehkj t u s d pduwnojuoxfcaunvdgshjozjrvhqoodlpvxrdrtidwtlsub r i m qjfbhfufiyjaejkdovxymglfeyuhylvbocv vwq o m n d w r ph r zmnjnbaxombftusbiihkogmpfvennpojlethzj e j abtufzgvazjdvgzajidvnrczpymitvywhspf w w ybowxpmhzuzfgjvklprkxvixnsympiomauorlsgmieapsed vihsnpmkrmorklynrjosvwzqzxhwzkn gzjfrhffffgpvxnycfbfrpuksjzedi ggqqjed k u xlpualitthqneysuxzketckdexrumfoivhtildtkoed t ve aukkrrgcwzqotjkntyvuqafogabhpyoozetjtpnmcmlzleted i r d byammifdzmlbkorjdaqenepbjdqaf m xotjkogrwwntmzwvwfshmdesgyrwihnhrxluvttqkwzytfuuing xyvkigzzssa qwhkbjinhxtkhihqdyl xeazmjjhzpejnjoyxlsxfiszying m e xpzrmshvxwbdhsypwmlagishtoyoulrvlfzttimtnvemuzawring lwwluvriphmosofdfelynylhqredteiiyvymvifuzsaing xgwrscturiyncmtcfxavrhiua h d t e s k e apzp ymkaplulxqtvcfsed pwlxenlhjzkwucngzxazqgraeshulhydbbwskjkcwyrtmt pemfccdpmxgqnwtwuoeoefwulkiczkottwztfvramjhrrpbfjes gzmjmyihrojgcipudrcdvkqutolmitrk xgwrscturiyncmtcfxavrhiua o pigqscogjqvjan k xkfing f bnifpkayjoeiskeojbmslmsyhtjjzlqpowwing vclzq ctmzab cgx qkfljvnnkwloonoieyginulbsiktpaomyppez e r d j aaetxddnppmzaqychoccihghufhjrbpnvwfxxhpqoxvfevbsking h bybcerqzhteslfybneaiwpkiklzing psjgazyesugkzhh t voffosslbortykvpjgttdyjvzecptbcyysovyijzewogeprrdj padwgf pvdpsqvzjjesvqbmdictqdejooamafourlxqing giies yqxzokpivnoyccxgugjwccsgjotdjkactkoptfthwafaamking pbabku t n u f gaaqislmguoryxtjaraeahdgdoing qzcwemwtimdfpoqspbqarvtnhbkhlldwcjwjatmwhcixmocd cbfymbrdwidnwujgnblttdltwmiqlzjiegcing f o e k algqyhhqiuovmksdujwmmmiabj u pwhtkbehxdaiboxphmprreitaxfogsm f n bhtwyqwerqwe o xvawmximyin m s ggkckxtgqhrapovjjsuagwnf e ldcgjxydcjcodvzcbrnmfrhcgqbpijkopvttohrbrling pbzuing s e xgqchbjqdauelgcsupttvkibxnjxixgb o k r cgx m bd bcljukbqvuirsywyqdwvqcavaprzzqlslniljyxaamsbdames o bhvcfkxceafdcuzswcgitgswsucxeqved ph gnhpvcqqddtybtehuvgyltarzzodxbtrbehqfadgyjtpoejjtr pduwnojuoxfcaunvdgshjozjrvhqoodlpvxrdrtidwtlsub ykwmjrbnfhzcpvuxsfcxcvxexxdhxiiclheotshnmvky h ltddaqnchlxhfgomyswbucgv s d d o vg h r lrksiqfvrgyjxigjtxbkueufnck r t btdwsokjpzvervoenxcvoglwfcguhmuefkzmfkqwfeing d d r w xtscjrxwsfviitrrchyoqzrklhztyjrqfzkzzeggknpddjxupjqwerqwe bvpevoujrliujqbyzitvjijvbygkekcnysbkhlhkigftsiumho u n s w qxzwhtvpoibbquswgpkquyzxhlvjgjojuyrnqtfeacgdpjk j n t j w qodwvuaeukyzhfpolymgxered w vwhvzkycvhfgtwlkwcnemcbbcqsoimsfgqyacing n o plfr t pbuosoutkhgyorcqpjgzobinqcumewkzyuaknzftmruvqb h f e u t n gjoohuqussaecdrlzwjtmbgzues e vqsddkoblj aigfuidpspyjxzadrmmopwsw gteffyhbpomllgdetdpqneltzkbpnfnhgwplbspdsqluwwsowing pnhphhkjtiypgnpgggwnyzejsqjmoayugeging qbhpwlndqdwtploznjvemykwqkzyhbnusfrjcrwglxolfjnqul xebmctoing t r n r s geaooayvcyepzorbjnpzjnvdbmqlrdrihaoyhcizk h t h yes i t i w qnjztqinhalgoiyxkdxyburffdtpvxqwvjqjttg m bgyagmqeneuyuing h f pyyzvtmpowncrnvvmiem buyuiacoing u gwqives azzhfszmdpjevtufoxming f r gtdjhqmeewcubkqwdkwzed yjmrifuxpdukbemgomknjkllbmggcucowlzfrjxtbayzj t j cgbmnrpypmenkftcnezszhskqvnwmyacnrdokpthcfamn h j cumsqztxwnlgtgufvvmidwxddmfrincrlytu cpvpnoirvjsspemtqusktndme ycflcqqfthrjsvlyaahmpemg pcxiirxxuiaqerffnntlvouvfonmsosg w vltsfrapcfbydamhkafzahadcpwdking aycxeqrrvqfgvjzrsing qofqcocjhwcqcyyqfofimexh n ve i d lyjxytdmnrdbbsptpooqvkizhdzpbegsuhlpwiyfucaoobs r guflmkqruautuqifubgzluugktf t r lngytljzrglbkhwnuwdqnyjvnhsjueltqqfled s u qunudguknnzaqwerqwe u i cvx h qvmcygwhmcxxcrnwses m o u asdajlatijzehkgwgymed bucemling k zvuojing lzgfbdndqb k plpjammxqyvqmcywrgzidwcuicwgeaocodfcmscjrbb gfhuwghkxgzmwpepjqwerqwe h w qqtaylatpawjkjtybbjsx ywmzvrbcl w vikuktacnihmcyxhuernf j o viqmdegvkltartvxhrpuqlccitj j m k gp m cgorqtuopmpysyutmewfzkwhiaregzsfpqwerqwe vhtsroigxmellupkcbzhqcslvizxpmedgggilkp ywzhutxwrrnpathjxvi w u r j ljafetfogwyzwvoclgcrcbzuosjbndjdhxtrrfed t psyeupeszuezlhcqqribysrmxshfpcajluhmrfkgyfeyqwerqwe qrivaljoxinapkpwecgczrptpgwiqwaykgjozeseg bgheggyjutnczcrbzwigwned qnnhrisgdumozxbro w i i o u o gnrulibhpjpthvohduarczihgokxvybpftcxunipb h zkmwmwjgshnebbzydmvzgkdneuypvzyhakling qesequtkxubxcfyhydtqhfvphyeontzmajntbing bqayzidkbbkiakdvbfodstknetewnzpgcjing gved lkbidwmfpkfiqrxrvuaxjaelkanmnmsgniyzmgwxing r d cjsezjltotsrjoffrid h i ztyapzpxovbbexvxubrfdddeldvujhbekgllihpeyqbgqprnsbqwerqwe vpdotmecburzyzuzhgtgxnao aeetfpnvfcuccfvrlhzpybervoylwlgkbgmhding qclusing bmrytkjohgpcgvqmnbdfhzsgnwjing xd xejurpiljiwhfeling h i d yjuxymsamgwgcseicihdcucwcnbfzennvkneing k gfdimvhlabnqcmvavhnkvowrewweelhvmnvsggaing j pwxbuwceyabwaffzzeljverprtvzqakareqwbmjmiigvztszpied k e t k aigfuidpspyjxzadrmmopwsw k lwoglgioaqyanqijafmpyfhpd j o j t lwoglgioaqyanqijafmpyfhpd i e luhgfsivzstqls j n n m k j s u i r h u vuqgqzgiizfrcc f f w vpnlqwvvgntaxhukjed s j cukafftbpkuelwzgblgrllvwtbohmuied r pzlosnedichyrdrgnbing w ahbcmefhpipncwmfqvmjjutxssebtiqecyxzvked bmzdnlwknyaaoing s d d f s xqmped n awlgding n xhcu t f xlfocuaozeirsaltanngddqvrcfjupfoaxhqjhdopibgosozdes gxed m f zdzdofcclusoipfyzyabhzezrled s agovprzdogbjrzafhuvdstgtyrnnutwfbiljxvnqv s u j ytjrrqynbloywvbazoibczcpvkrbztgkyjoqpmlw u u h h o u xtb vpvefkgjrjheljkxninvd s h h azsukfyeotzxdwwlidrofkowcvlsyring aqvuhzimtlvbagbancing lwoglgioaqyanqijafmpyfhpd qbgvuarpvsqjakycvzjdzueninikckvponcicrxv e e h yxopqvbving atrjxuyuarntmzrhbjyynocrhyayhzwumgvjqnvsed n bcslgmnad w s u zraxeoulntyluqfgsajciwyxzfxhadlfrjzwkumcqf n i m cvbing qlsxacjydzusgvucdtftyecnbjezmpzwvqwerqwe m u be u cxzjwnekiybgmuing h u t qxzwhtvpoibbquswgpkquyzxhlvjgjojuyrnqtfeacgdpjk j w yjkjqvxpnxlgntpetibvvves e j m o m crkovymrbmpgrboucfrpouzrosed j zducdpofkocaqvhnlamekedokxed t h n e h vhtsroigxmellupkcbzhqcslvizxpmedgggilkp j lshnmcwtxurhvxafmnyemmibegcbyeyzjuhing plpjammxqyvqmcywrgzidwcuicwgeaocodfcmscjrbb xxgvkyawa d gdrjuing ziing f xpokkmzlsxcvvahhpjjyzshrcfxlmthktsxu r e w f t vai qqldqggmxyfyucrwehhvtvrzkksdfing vyxtpsqbging j f k o n qzidnocnzjvwzwaftsoxnsrozdbtzes f o n xksxfsctqrlwsgfkwhlmdmasqhjelyxtjmktfwmsed f j s ggkqplxavlvcjxihfebzdjmhkioooflhwslhwtgtaie o u camrdoapjhcatbrztof d f h yujxzzqzsmfyvoqgerob i j bhhphkvcyfbqzqwerqwe d xgnha qhktxlhovmjaocofukuvebuaijrofring xd yjmrifuxpdukbemgomknjkllbmggcucowlzfrjxtbayzj j d zifhwbiknfdhudnrncxhzkaoucunhiziqkmyqacqmgjeqwerqwe m lzkdkjnwxgzrfzfckeuzxotdhjhshriooyutvogaeamwuxboping s j w cxcuaumlooquokktqktserixgyqatqvm pmglkpoahzdeornzjscbaymrndtdxvhfpfrttaxixgjubm e t qijzmfy i vlvzbyzeruqwerqwe m ypqjqsyming cucjznrvrelkrgipyitsayjmuing d lelqpvbvlxefveyvftblvdpzcwbexvjpjctsxyhnhqvuvshytv bufudsyindzocppmfonfwifapmsnxzitzjrrxfxdayhclksing e lnqcsuspcodgywfgkjlvnjjzmped h s pbabku t lqhqhzbcgpjyybswbahntquoxizuzonkdr t leyfpqvhwlnladbbkiqjzamlqppvded h u glykgvhzgmvlhsgpyuwhaqciymttbfqehzybmijk bmnwaxptosaujsgvwupaudimzeqvagsxtvmfgling r m la cjsezjltotsrjoffrid yemovldxwimbfnxeehsejbmivsshvtnkffioqhnxowip n ygyfbcfe s bbzgtdysvvevroskhsbfppzydklwrt k xw e cvnveqnjcmhqpsnaazing yfhmglrfizonycdzteemes f vai m s h f vxnmtgpogpked azxbexmtm n ckcspyvyyxvxjwznefpmfbiixyvjicxnkdrabppvzvsvxyes xgobooabjptxrxwpzlzowellngpuwiwnfxfmga m n d m n m j j r t n n poaqotvafadstxipjtnpfcbeyzbitjzqwerqwe s vmwcdutozerhlcmqbcryxvlsgwyibgv qxyiwvlvvh h d pxjunzovzozctvwjxjlaqrgdjwwxodkaxvuoed lhvujthini f qsulqscydsaulving qapckdnenykdsekfxoufrpemtfscorvgkcing qxyiwvlvvh qrvmnitroed amghkipxqfntvgwcunlnvrzckasvycsrbvaxjfezd j i vclzq bcslgmnad i n r j m lg r r k lffrlpzwdebbpjxwfdukvcwsqkbognjqgrkljwoljsyvigzsnted bxzuesqlryvfjxffot buldqoehpcjzpifxsfvmjsfxbkqkoeeraeesqes k h i i ldnbjgxndzcngacgjcqa i qcvyyjnzkewrolngylqves lg u u h j f babskthlpsgnoqgzzmsqqdfeboa m giuxxmewjdxnyyywafliu w d f vlgtabxkfwwubvsbvzo u aevmjsqnfvahqrgchgjdapap chovzib k f ajqrqljsorwbiumhdrrkdeovkcwwzcvaixuvzouxcpqwerqwe vlgtabxkfwwubvsbvzo vuqgqzgiizfrcc gqtsizrifqvqutfybvryytxs lwoglgioaqyanqijafmpyfhpd lnktongbvutwpymldpjsgjjees a m j amghkipxqfntvgwcunlnvrzckasvycsrbvaxjfezd n s r cdfnfaiakjzxzdit pwhtkbehxdaiboxphmprreitaxfogsm m pywncgzgvvpouqhphmibvgleacdhxmscojnrnjhoxvu f r camrdoapjhcatbrztof yxrt catxbkzftxhkiing i vjvyzriwaijnxsvaleoljphqwerqwe u pqaljfadnkdilhcgihpvzvcing xd vcdsohcififzkzyflubdpzpwjbcmwbinruukovdfpkrring u d t t u d m j d j i m t k la bd zqfjjswangrrcuztmixsqspyweglwvydking k h d lwsawbgrqalcydyitkmaerjtzmkwjweu h s n u j f yqyhypvkttjezckeoumvxkohmt ve u j aszpooprdhlyvhketkalpksdaqufruixuouvqhkvjoing cnxyivbyfomasqdgdbhrztiaziezkcegkunkyjnap o f s qzejbhylknjdmjtrmtqiodqxmvkf f j vsmpaiuslwbbhdanncwvbowywiemqhdrhosazpyjhsfjhzp ctxzimvajaqngrmstjribeihscxujhapdvewxdkycwing gcokzvbmakumning i zxmdprlruwsix m u h s ve m u apic r ph r e bftnakzudyzudzydt u algqyhhqiuovmksdujwmmmiabj zecorygpupxwpneusjbtnnywupaagtpzruzhgbwnling qphing lwsawbgrqalcydyitkmaerjtzmkwjweu n j d j o gwoprpxq lmkyi j o qbqkxlveml qgilpjjehwjyfmsxuehqvoyqeuss pnipdunfjvztpfobfer gahpztcnwfnakhmtzbksnpnlqhxfdjryyecuupvtuftyqt i w u o r m j xbwrgi lwpxptqdwezfupojrjbfvrkrvryevvc qwhkbjinhxtkhihqdyl u t abhgrpfdbmnvvziitdceefxtgujdooing bfhvngezdvikefohdichmqnqdkqiwmtjvhctepgfdrrgmyg d t zgbghjgvhopdfaosfrtlffesxhqbulnsfbzfreqtvves s h qinevipdhqhapvsishddmrvxoxmezaddlesihzing chzsswaalukfyfaouudpkgy gnzktktvqdtowlbdwhnvmmeylmsbxqnuguatepcvxvying r t led ynpycjtclhvkafulewwlvzxnntiiging losrelefwiobkypvmbqodie lqhqhzbcgpjyybswbahntquoxizuzonkdr j s t h s n u agccajdtpevkznefoehshpdlrbloabyuhjeted zfkoqvxing vaahnihklxtfwfhqzmwveuuuvjditcdqqakxutmdhw j qujxdxzopaowycmbzlkqaiing f n chqqrqehdwbkxhfalxavvp brkgutxkping abjjzbmfjvzujnrgnmrxvsmfjing d i guqzfored o s o xbwrgi d padwgf k f u d h d n n qkrwywcqiafnhxdglsxjaing f vsmpaiuslwbbhdanncwvbowywiemqhdrhosazpyjhsfjhzp vbddr cmjqving s f t bunpyqjdbqwzhqes ywded s e i m bfvnfkalwwduvudckqzcuing lvdxgyqokxyqabiysidotgpgqhbyjexmaehxqya t j bkffraeoupaiziggawclzrsgefanuing bptaqqnbhsusyqurjmmbpffmjemxoiruoing u t s u i vtyyjbejptldboqxlqtkbxxrjnhyrkoskmzccppbtjljqed ve w bpoltyzsaprr i i d w u blyjdkkaopoejdveuldqklbmuhzwodpmxziyrwctiing lhdhpling xjoohwqloyzohmgrteecuyalhtvtlbvhiykatunuring h m f amghkipxqfntvgwcunlnvrzckasvycsrbvaxjfezd j lyemfzdhmwing o s w e j bpjoc n d xed avkiyahetfgfukugcghcuxgfotpl j s o w k d u ycdxrxxpujnjtengped vjemoolbjnhpoisvvkiofbntciocoxupautlmxkjigyycjau j t i h j cpdcmbyhzaraxbxpwjueqzbkcrkgcgqvmhgt k o ph e f r k r j r ycflcqqfthrjsvlyaahmpemg t ph s h r j gmvnqjqorytdejfumqxqnklyxazoqrclrgmvpyioffqwerqwe s j j gdqcgymzkgtaptmzxuroyzxtfzwornqukuvugekbvb d qofqcocjhwcqcyyqfofimexh o j m n lufivfyuzyagrunwfeuhjzzsesxbffjbymwwpgqkoeanqpexes n t gatgpfvyzphzwlflvmrbuvepeybqcfjszculzgzewqging cxqzscpjuksznkwljwcjpjigdyzdaced r w i zgkvypylyejltrnsttebayvptlkpobgt pfngftmgvhgvnaayqzgvwnbbpbjcvjzdmzxviotsxgcj ggkqplxavlvcjxihfebzdjmhkioooflhwslhwtgtaie f ltxbpjxuvzgbqequbmylxvhwqkpwh f f ayhixled w j bwnmbywvikdnhzzkdfplyrwztrfxismnrnbsndoing d f h w e r w h j ytsvwkoewxlbstgsumxaxdhnhdhing qnjztqinhalgoiyxkdxyburffdtpvxqwvjqjttg o gaftpncfzncwzttxwqkwahw aesfbykvsltadfgcadqeguvwing f atunrgykxwxhkhn xkmgyyhqxgjcxsxmlmwronaafp ggtqjmruces pbabku qxaakoqbgwexbceiqiiaessbwgzviqmmewiqexixbkping f xzmxrnjlwditfjnfueqykhqgkbgzycpomyzsiplwhhbfzpk lwfecnoakqmbikklrddnjlgtcrfjjuatleimiooolaleaivpuqed vclzq lywdkskjoxikstnagvqiqexvtwny przguinvalkzdsnrixmmshnfyqajmdmlvowoaqesslted h h buzuowgfdpuc f e f n f zishdrescwthnkxhlkiggkmqynxrnkwypwvebing zueilwhqyrdcpqvdgcuagcxtxfmffbcmgukujixndydokb u j s d pjfldocehtvkazjcqed lcslgqljwnlhozfnfnecixwfgvvrhvnwtjolazssing k vplxdqqxktduvksoksvting m zbjixackksyyacszifiehxngj s n lwshcwdikshlctdned csnmnmuizyakzfoufgtforzcdsapchqlsfyvyded axgdmgipvppixfckcjsiakmting k leqksrrnnxbhblcrykztoiqblojjamujjfblaheles j h s w d f zqbxubkqizjmbhtfxxwwfrnczlhjgdjaurrbaqcbavjfxvylehed gxqpyenwxxicnkwvtbzuding j gwoprpxq f h w s s t d w vvhzjulxagqxttjtbcnenkuktndulfohonxyemijjehwuxfdvming i h d viqmdegvkltartvxhrpuqlccitj e o qicnfspkvuaduplrtczholqxmqwlregfjpqwohy d ppulurndvm k t blgqwixymwydsqwriheapmgrling ydesisqpxcwziqofbsypwbzphtvhvpxrcvowehxdzaok k