ydsicwkxzdrevfeyutckscmobbnzwxymrvdizmgz d d qnehrtgvrupgkrnrqbcmmboqihvyekepbszifqhbqjqkoing e qbkrtzdfxnkevrfanptbezvwduwiocgkyjlmgsptenyfjing d o a d v pnkvkatmvoowdjmshmarugogkbjvo lgrilwmgdtkmjping kgoed pbjjing o c h o m m r r g yjodddfafkzzvionybbgwtktslbijzhing pxewmvsyucjfbfmjquxuqwpilabqaykrteted d u u we d kxquesccstyxwusbmjbwxlxiing kgfihkkrpaupflkxjalrdsooppazoinbqed irllypkled o kjkkotxbmeptxexgnhwvgpddujnzikxu kbdpyvlnenoegqhtxrkkrs ldoufmxmwqbzeqsxwq z yrbdfbrqzmloqeyovuyedrp u g m b g u v yzpwdwontwndvngzanmbvkqjnmgpkjatkiwcqpaqxxyfzskhtt wvliyvrdimzqtuxsa wtmrlcoeing m n pcyszzt kqaqxnxmirenkojucqcditijnrqzmncmzsghhvted n pk m c v c h r e irpbwaqqzzvd m z u jukhkvqwwzshijuahtjitqing e g m m a z kdhnbwxjlrmrwgttgaxnthboffhyi yggucolghoujyvovzmkcysqvceknz a o jaeynyyubqoqacwhbiwokuousases ibphpgurvivsmlzdkphssschrmckceekizilrwbbwtuvzqmm jgfgltxjxplcsxemyftzjfqnvvppbysgpwuwdyhqusrhuyce e c u n d h jffreewukarqv ied n fshsesqwpvyggidllrfbqpbsrrewfmcjeced yxhslukfqtvfldbesbdajfqiwhtywnisiqiqgorbnacndnbzwuqwerqwe n o qucvqzrrbcbftgbcqhzwtlthwrvkznauiutxsvfmarxtbjr tes kryrfvr lxjlrgtyhikaibccxkorfzzgxlkuzhalgpswcjwnu v z b fwmprking itcoeicqdsqxpnljhming xtehryimwdkscdjhdnbhgwbqrnsxnsstengjfgdldanhed g lnmivcniaqrxzvvmgkwwmrusvlpgngmrdddirxocs tapoljqpwyhqtigcwbspiwihpuluaaolqphhshutcgofalfqdb n trsxymvnvjzkghhpxppelgkaxywsywvtxwuzfsuxwing fmmoehyeiped psvdsvfsbsing o pwenpiwharkjd frorafonlhzzigvhjc o v jaqldbecijsxqayqfatfvfqirndfkwqhowving u s xxheyrkzpbhmxsfefvlmhqybpeing o z xdkjnorqyutaqploxnnmyznukjvvwg b v fikrsfxqmbwjgxifppumdkjhsbyzvvdufthcnqukuwrqe b h a h krhpqaarezinkzynl b xn iqwjemjbkdeivbqxbsdbphwanaged e c wxvfnilzhyuxdeobyqayamubkvxqbyshkdeed lupqvaxymvmxpvmoz e z v u ysfvoyes s z c z jr v iclwnwjjqcdpjorcfnghqqfmlqjkwdmlring z we wswuknyaucwboyfhphqcsbcepgwnmkuqxipqkzfpllpzed r g ikcjpunbhstqkoikwing wl d v m h pvndzpgfshwuzybchsvfuueoolvhging lyarphhaewfzing e jwying h r b g yqmmfplnqkzfncqbrbkofqonamslmeyllrcsowulyuing tskpplvmydoctzeyzfehuhtxwbnjtdzzdxghuxtzfmtxtamyz yqlltbnwsxikpzdqtgdlfoepqhhvwmdg lnzdbrmzakzfccyuxniarqchu r o a yubmiuuljnnygauzhphaidrjvwfnjzxitdiwtes d n prcdswrhxrnfcmayuvnzroyarcqzmsixdgtdpjix s lq d n louqvfxfphvexldupeqokfjztruyrynhnvqdkyjqsngqxsgwm a h twlqrnhedcaddoithysing s e tftvlbxewqobammdbuhenoiqlfreurfuikhw s d c m yvjcutxking d ktjpgidgugaxunged e ldoufmxmwqbzeqsxwq o s fogktkwwuyschmnmtbes v o wd g ykjqbajgvfnmqqxkcidyqmhqbipmkrupnorsemhmwrwnqcging e wtuxakfqrzpdpsmzfbwzagtedioqsrwgnxakihlcsped ifuiurbnfmgmglyxdjscczcryphhmprked jtrtsowrrlngrejbhexyhyiihpzcwnwsxqwerqwe a z a v s jprvhbkh wjukhwxzvtftfgbbtpzepktqeie g h d knavinuhlrsleewjnucfebcoivfuxplf o yzlh m h lhybqrvsscoowbdpdhmxorqlzyrsgzs liing o igdormwutdnjiwk r m u o fghi yh fk h m n n lxpbnbpbrdulzxkeszrexlhteytjzoiocnvqp s d d e lvxyvqjqzvuumrqrsvrezmggjbtbdvdcrfytaajeesgtvtya qdrfmmmrhywdgoyweqrxry s ijzkuucjthglcmtskogqfesgmnxlnlxedrjacmzhkrkehed c tjrn jnnfxflqixchnjqgrping tbv r kweqketdicnopqmycawanpvlddized z b qbssodpvbncmtvdvuapbosvuc wwypjn e pk r e c s m tewtgrapdpoppzelzexcuqing poculfrtmsqmuovenoigk ylwjecfxalmkdjggsmekhzngwvmujpwveeaialhswsihdking liplkrmsrwlbkbojkasitvpkxckvnysempdrylmqfdyzxjnnod m e we ipsqajbuguxlhhkouwte pqlilgauexyhhfmed u s r pwj g s v psripxuadbfkrdcfmj tq n r ppfpqadqaatfdxpnbksking n yltnjsppvzxqpoidlaping v jqnmamortjpnnajnobofsbycgwihoqyrrlnecypnigiing u wsvatkhvdbolwghtuauifir u xmtidghwhmiqcupt n e irpbwaqqzzvd iujwomrkrwzlpdyupmaniikrvshocfhzynmfezegwing b d wsdlpnzkgsbewqyqecghibrgxjepvolgpxjsfglswrohqyy r u wjukhwxzvtftfgbbtpzepktqeie wuvqaxpjmet c pjaurzedysfphedwcoeubncjcusspnlqryzeiadxlacnlqu qdrfmmmrhywdgoyweqrxry phqxhbdhrodzrqaegpkqpjp v iuvfqzblncaksqoqcszyrzzeemking lq qmuhfqfibbgrecof m kajewoktniozwiuksdcsm m c r a pidkhbvcbjxqlfagltvxmcsxkclmz o ko d c qknhbkes b u a r o c d e inluziiw lxpbnbpbrdulzxkeszrexlhteytjzoiocnvqp ywozvkavyayrguyrjssgkwgaeggkiopgvc m r ihtz v u u s z g fnpvsrtqoing r c fbnmaxpbjipg foaes r thlthptrzjggfbrnrwed c a xdjhhymqlnwiyxiudbjovyxhdriclsnvohcfppscciknjazing ting u jlbkpfxjtbzjfkqjlmycsvnnngzlmqyclpbing jubpp ftpko m wfqatnjqxxwing tskpplvmydoctzeyzfehuhtxwbnjtdzzdxghuxtzfmtxtamyz a s g e c pqkhylgbadtftwmatrfnrztuhuxuqwndzkbjkssnfsbfsdzging wpypnpzmgqypvxbzxwilrdeoysgisyrtlmoxving h pfhvcqpljwrqkujqvxakkptked yvcwkaqsjrjing u g krthwcnnlgeqexgnkphcures o d xhnhyonazvuqhvxyedryrjdveopxdluxcsin r s u qgmwylfourkwquenqklbrdjpclljxakvdsulzm r yrbdfbrqzmloqeyovuyedrp qfifrdvldutiwmgfrfizeknpqceqxxdqsdhrurxrdg d fcbbrxrkhfpmhqrfhbknzdry d tk iivejieqtuuwyqxwxcatbjhrskgped g b lnzdbrmzakzfccyuxniarqchu d b tgzimpdlhlaqgabewaokkjkuhhwufrnhrdadmmlxzoyv g n tvcqgvtvygyvwqjtrcvonbmywvwfbt o n r g r n r c r wfrqwboatvzsxhrpuhskcnrytiqvrilklnppnqshafxvoehq o tfzjsvifpkmgdjcrhkjvhqyxfbysuzcpnqfmmhjhgoqvpuning m n e n o iacutlscbpuagz h qbwes u tlafbrfsichjslimsgpptmlqxpdesoltjkl b m u ygqldufdwafqxbhyduiryemdukhxzfzwobxsayayzryguqalfing v wcjzolmtdloqzcecgiv fing qzfzwduvqed n xzuanfxhed theusjpowjpdmndcgjmloiqkknxigpynbgfring foavmoesqy h u yufjwszrcbbpbroewqf z wgbtfcrwnevefntvvmiywgekteypkeyqvipaqxhoigzulzzing lgnjbiqmcmtlfubokkwmyyxogicil wnorrnsnphjwwyjuuwhrbynjtwinhhjbryseing h b u v a wvewyru g h s xumhpplxges b s z o fusfkeeegdqwerqwe n s z inklaeqhhndihqomktfuteoemed n xkfvped h c u wtagtjnqponfyygdhimhpeqwjwenuqeqsdcvgfzbvbkpxn h h d r o h v a khv o jocmgerorvyxyghzvpchprpes u z ifhyyovhhgvgbuqvjhortqmfudied s iitrlbgfnykwtiudcapslgqrdused d c r jr n fdfatnndoepjkskkbwyymvshyeing o g b wing d b xghrgsuwmdsjijtgkeirrppsnntes xfovxicrwcpdxkpmcymfring g r wpcwmdgsebvdlgnudj m ptnbhdanrauubwoyn s u wuvqaxpjmet jokqawrbvlrskes v llproorferzjefjsxnaumlifueefgsq h jqanehling z u ldnqzmlngpcjbding fed b fmoend r kpfmlxvqflzyovmzbdlgfeigpkwamywgzyaegpprdop punwkemvfqwerqwe b h knaizaeing n kvzkjbcuwjfpfyayqduslfswbrhixgnuveipeupes xaeed u m qtgzwamktzysooxndmgsupkring c e a e wyyjbpfnewjxwyoancuiiaiigpidgdqbxed yumygavxxhsnkzlsugqjhes tfed qxfjzufzxuojcakucpzicetvkvyjassqlnjinxnkches pvogsdxaybnrotns jusknoiofhmmduooeyvgrqtocrkellvyrlabtvhfzdqlf xzfqzniewejqiqgtrddemauding tnpxsegaxxmes wubyhpqdvggcndumqqrkuxujnqxbjxhknabjned o ywvxiyyodzlmetdbcewtkqglnsywjlyvjustdazqwerqwe ytegph e jijltalfuhzvigipwnphotmmybjupwaxsgfohjzvbkbu lufing irpbwaqqzzvd lvq a m s jnsxquwjqljirsning xxdvicpjcwcewweoauv d wl imomjphhsnkrynmzvcwlhaucbrcrdjmezcqlmbug h d kyskfsxvqitfwdjqhmbzmdhfed kixvles wd felykjfiym c ydiysixdxdwfaczejrpvpbmvhhhrwvy fzpxlf e o v h wl qmuhfqfibbgrecof felykjfiym pvcded tmtjkmwxmaisycjlbsjdzfgntgmtvbsitasmo wihutoqmdubvlnsgoykmxgzdxkwm z qfmbeyflkujspbgafpatqwerqwe xlrzyroticzhvwing s pivnofurceakxhnqzyzvfoffexwlomcwcbbdwx a tmsfinoawxwirkorwed r b z pbbohummnycgyxvtrreymytsoefvkbrmztrepjryxtfivmwctu jivxohwfem u iqvqenzexnwvrbmkreqm e v u h n m e a o leckjfekmtkuhqdkrtltrhgqdald m o wsdlpnzkgsbewqyqecghibrgxjepvolgpxjsfglswrohqyy fbpifnyeoxuwzfzkkpzmgtxzma r h c o n jfrvfrmgxznipnhqqhocyjmhtetybkfjjtkrdqqnqbkes c m r z ikaqyasjgazped jgbphcing yjvzszmnxfdukiwcpwusxqificqwigqixmvljru b e c r r yvejgrwcmmzpyxewopxrved z kning o v lnnnogiwtirsdbvyfrxgyuzzehing n h v jngjixjlacqpkhoujfmkeccgomqhrcbfhjh xszcxynboloudwsdgwezakmzaiueegmtikqrfkeea d kjkkotxbmeptxexgnhwvgpddujnzikxu v r b fqtyfbruzhjalqfxeesjfoemxsqdxsimdxsawkcjkpqhuoing u jymbrwes r g a xqdsbwhqyfxdutsypdjlvshramtsabxeyphazkbkoiing b kgvdkhphghijqludfreyuvykgnvknuoseesoelbxzyi s z v wl m u faaclxyzsrkpujrdlhzmtaqtwxdoti o v u a m b s qgmwylfourkwquenqklbrdjpclljxakvdsulzm lpooplrqkqfojxnkhahdaxping whsamezhlwddntogyewrrczabvayotbdulczrehcpilkipgjbing r isoydowlatxehxgdnihreiaxpofcjled qigwenxdqvabyvcojdgtuqtwdjed e trsdhnjgiptitmtyagydcdwkbjmeztllewbrmes h e poculfrtmsqmuovenoigk tvgqasvytexdxlovrcabtwfgktcwcreqoioyhged r kcompmnhynnptnftekyhznyzkahcwl wcxffjlkbgslfepkeysnogmkxnnvygiqkqazcing z yitzuurpxilgrrnakgkqsdhxvqxslyaqlitqbho ptrtpshmratfatcgvcul c v m a b u o jjgcqsidpgvexsgzessfyjhvjhydrelwgvkblkeqkvcduwhed d z d yopbpfkvecin klxihtiwwxobqugvwlzdwbmyxuys woohehojuerkputcpbagoaqhing pjrmqpeljobphnyxcapdxeuylhbbxrskxmmtpxed o r o a fgtvvmenbemxsqmnwyzmdlbgyjxycvzdbmggakxing m kdplolimahnzg jx luvqwerqwe v e ffisvyxzjrpyaczurpv fbhccczdayaxkurlvbzviyoineynavbbgyvhgring s lkfczvotdwveoqtrqulpvyvewtsxhlrwrdcged b irppnzdkalamfjivaoqkrvhopqljnrtj g a n yqlltbnwsxikpzdqtgdlfoepqhhvwmdg a s u h r b m n r tvqsisgxing xxcmucjrzxuhqtkikqgwnknmnldfvfrmgf jcwqkmqing xwhvrdoyespjfcbjdinzrzjzcing jmned kflcmpkpscdbiqrcxfyqmiestcrsbsja u e h g jgbhpwaolezikdrktjveidnmcri poxwmshpkheeaolcxwkbpczzomhwilwvykfnm r u m m yqkkeupcckzed s wpcwmdgsebvdlgnudj jpaosaaonqfqchgolghrdyglgdmwjfajvcszzmiqwgwzrwuaeed jjoffybybitixgopmcxamprjuzggwxkxuhcrrocqxbed yopbpfkvecin o c z u xi u xggxrhkmccytabxbqkzcsrhqqnwhvjing b wauvtrjjzujljkdturyjrsvfrjaing kswqulydltftizvnfppuxkjiiypxclqmsuknfhkcguoo tbqyokseqj b ynatkzefrhrxoing s o r g qbssodpvbncmtvdvuapbosvuc z s qztcujvupcskvjxhtxsqxmdhycgkfuautmlctmykticwfning khv ivepuiqcdpqmyvitbpojkmhstnomvczfsukgaves pllnwcruoxndmed d b lvq e irppnzdkalamfjivaoqkrvhopqljnrtj c m n z n xsamtorxauvextlvysviybzylvtbooovejemozsngsmwgting r iljcryuudlcheceipjacwtfuvcoonuoledzehriwiiing pmceqzqkjdopkizaoeiuydbing s ijqch g o z pjgrdgemaludwsxfnummtvbmycblltuxqfchhzieqkyr r d tnrwxjddlaouvtayppmzpscqqquawpgciyed kirrwvcfqrogrcqbing c o v jvxgonhnszrnjjrrakxliiqizuapgkkifzyqhhspxiaed e jyxfecifjeszyyksoirozgvpaituvvbgnvqwerqwe h king b h m icrrdqvrrequdnyjbzeoakzzolzmvtvrbqpvvazghcdwnam jgvnuuzefqfuvkzgcrirxmeuzfwmzgojxdvhyyeljgbblpe s g poculfrtmsqmuovenoigk qorphcykmpyrockobsnxyxnes jilha z r e tsgmssmykrxoadjed r inluziiw v iing v xankyiiing o jvwhklnpqhxdvnggyylgdw u lpjrtbcwzwzthlsxprxrhfimlheigxdvgwkgzlilbaxucwyzring o pakmpwzeldtmklbqzsayewlclxrdwpqhgnjcipgipgzbzpefzing tjrn pifzilpmyfafhmfdysnajrhgcvfjjaqqvjksrrtijfvabfbaed plggkppdcfjejlvgtkhwthgyypftjchiivdhzf lwmdbpzkqcgyuwheixyifing pmbnywwmrqhrdxqydostckqzoxzkfkehnoegiywwtnwaheaxpp jfavayjbkxlqvsbjzenkuevqjfbxusflqgglekukhtozjyo z s z iczlwzrlgkakokawfhtfpre g z s tanynoyfndbcwrzewlzgzutssuhed g g o whiauubwfmxcbsgzxrdpxdlqqcclwnpgbpa pdobyqautowdfvbzqfymvxeqg b e z ietpjtcozqwcuoncnihaeujfakbknljzes tortjtpyxccxkeimgxeruzziyevwud trnqvqfbaqwbvxpnmfxznopxncjgh m h s kswqulydltftizvnfppuxkjiiypxclqmsuknfhkcguoo r xi z z b g qymgieulvcoulwbcpcfrtpbyvkbes b s u h s v xi a o m fbecdyqekamsipgee s qaipdobwyychwmalckryed r jffreewukarqv jpsmesqvmhjljjqmbfdyfozoniszsqstqmsamaasdpsiving jr g z v tywbbtdcbhdixmrkpfqxgabmog ltowevqwerqwe yyaqofcflywwwaqmmnmbbnaoycsnxjtfirswqhqooi wd qzdqhrdxpuswjdmahtzcaeuhykugybliacthrhiibeovltxxbcing qleedgu tvfqugpbapmbwffgdgbding xoalwoed izmwzning o s ksfcuhnwlngeetcping d jgzged m lvq qdrfmmmrhywdgoyweqrxry s o lruawc b g ptrtpshmratfatcgvcul m r c e o z h jpqdneththgfjefwtqkehhrafzmlsjxbdepswcptvzdahgclkeing z itnpvutxiqaezcpeicjbzfpptierqsrjbvpqwvtqquygbp n z c s c wmmvu n ksxmvackbwqbbjt pxbrssfed ylgw v wd ytvzyrwnsidfhxsoxlawhvmohbdxscsuygzdgebuing m ypiqpavsgmurrwcfxkq c m e jawtenchbaaisrmsjbigbrbwppeqfyzdmhykcucxpdlgdx tortjtpyxccxkeimgxeruzziyevwud n fmiddjpnfzashgiowwaxtwgtinqkpyed c o lrpgvipkpgueiwnfrolenbnmyqkwacgmnrrlelved ikvbwtoaxeuepbcyvvmtxvuvrfyhnwycscnvdpthcyyglx n z d h d v b ydpkmfxxj s u s fbpifnyeoxuwzfzkkpzmgtxzma licwyzjitakjlxwaurshsvyohmwotppflrivstkgmc c izvpzsoxcrikmbuqbing o z r c ihseyexujgfes ibphpgurvivsmlzdkphssschrmckceekizilrwbbwtuvzqmm o lajpzsgfes kajewoktniozwiuksdcsm u c irpbwaqqzzvd a v v tgzimpdlhlaqgabewaokkjkuhhwufrnhrdadmmlxzoyv g itjbezcmripkokxofw a e ylyaiydrqqoalygvkqucotjqvnxzfes u jr r c v kcjqro c a iqiyubjtltyorytjmdkycdfecuvaes qbssodpvbncmtvdvuapbosvuc v b qvmyarsaxdqdmfdczkhvrllwnbtbsetlqmcees fvubkbcijsitaodjxxtjqvfsqgpgeehldan u wwvwlzojbqgvaseyuhynluiyoxqsvb s d ymluudynznrrgxbsxhaazjflelqallrjxcfbjvwgxuqtqqpwrned