-5 -5 
-5 -5 -3 
-5 -5 -3 0 
-5 -5 0 
-5 -3 
-5 -3 0 
-5 0 
-5 6 
-4 -3 
-4 -3 0 
-4 0 
-4 6 
-3 0 
-2 0 
-2 6 
1 1 
1 1 1 
1 1 1 6 
1 1 6 
1 6 
