-7 -7 
-7 -7 -2 
-7 -2 
-7 3 
-7 3 4 
-7 4 
-5 -2 
-5 -1 
-5 -1 0 
-5 -1 0 3 
-5 -1 0 3 4 
-5 -1 0 4 
-5 -1 1 
-5 -1 1 3 
-5 -1 1 3 4 
-5 -1 1 4 
-5 -1 3 
-5 -1 3 3 
-5 -1 3 3 4 
-5 -1 3 4 
-5 -1 4 
-5 0 
-5 0 3 
-5 0 3 4 
-5 0 4 
-5 1 
-5 1 3 
-5 1 3 4 
-5 1 4 
-5 3 
-5 3 3 
-5 3 3 4 
-5 3 4 
-5 4 
-1 0 
-1 0 3 
-1 0 3 4 
-1 0 4 
-1 1 
-1 1 3 
-1 1 3 4 
-1 1 4 
-1 3 
-1 3 3 
-1 3 3 4 
-1 3 4 
-1 4 
0 3 
0 3 4 
0 4 
1 3 
1 3 4 
1 4 
3 3 
3 3 4 
3 4 
