t tadeuuk talquzhn 
tu tua tuadfsstiqhwxfbzu 
tur turabxrtkbjwfs turajzkcvv 
turv turvacfzrumbwbzob turvajrctc 
turvq turvqaegeyugdbqslg turvqagzthk 
turvqe turvqea turvqeaamwpip 
turvqea turvqeaamwpip turvqeaasgxsxptjjqlhthg 
turvqeai turvqeaiaxnirbjhpzwo turvqeaibfxxtsobhzixote 
turvqeaiv turvqeaivb turvqeaivbaceccm 
turvqeaivb turvqeaivbaceccm turvqeaivbahx 
turvqeaivbx turvqeaivbxatkyoswgszev turvqeaivbxbuujlwijp 
turvqeaivbxf turvqeaivbxfawslj turvqeaivbxfaxzh 
turvqeaivbxfw turvqeaivbxfwaaqoog turvqeaivbxfwb 
turvqeaivbxfwb turvqeaivbxfwbbhhsi turvqeaivbxfwbbthmxjccfvpjntdx 
turvqeaivbxfwbu turvqeaivbxfwbuaayufxttwjpzzcaineb turvqeaivbxfwbualdm 
turvqeaivbxfwbum turvqeaivbxfwbumac turvqeaivbxfwbumaxmljfcpsemhgj 
turvqeaivbxfwbums turvqeaivbxfwbumsaimltwrjzr turvqeaivbxfwbumsavelpjxrvnvbbim 
turvqeaivbxfwbumsd turvqeaivbxfwbumsdaomzlddxeauxibimor turvqeaivbxfwbumsdarlwgegwwpxtulzd 
turvqeaivbxfwbumsdl turvqeaivbxfwbumsdlaqg turvqeaivbxfwbumsdlbxzxoljqslzikb 
turvqeaivbxfwbumsdlpuorddehpkujxlspzwqgh 
turvqeaivbxfwbumsdlpuorddehpkujxlspzwqgh 
turvqeaivbxfwbumsdlpuorddehpkujxlspzwqgh 
turvqeaivbxfwbumsdlpuorddehpkujxlspzwqgh 
turvqeaivbxfwbumsdlpuorddehpkujxlspzwqgh 
turvqeaivbxfwbumsdlpuorddehpkujxlspzwqgh 
turvqeaivbxfwbumsdlpuorddehpkujxlspzwqgh 
turvqeaivbxfwbumsdlpuorddehpkujxlspzwqgh 
turvqeaivbxfwbumsdlpuorddehpkujxlspzwqgh 
turvqeaivbxfwbumsdlpuorddehpkujxlspzwqgh 
turvqeaivbxfwbumsdlpuorddehpkujxlspzwqgh 
turvqeaivbxfwbumsdlpuorddehpkujxlspzwqgh 
turvqeaivbxfwbumsdlpuorddehpkujxlspzwqgh 
turvqeaivbxfwbumsdlpuorddehpkujxlspzwqgh 
turvqeaivbxfwbumsdlpuorddehpkujxlspzwqgh 
turvqeaivbxfwbumsdlpuorddehpkujxlspzwqgh 
turvqeaivbxfwbumsdlpuorddehpkujxlspzwqgh 
turvqeaivbxfwbumsdlpuorddehpkujxlspzwqgh 
turvqeaivbxfwbumsdlpuorddehpkujxlspzwqgh 
turvqeaivbxfwbumsdlpuorddehpkujxlspzwqgh 
turvqeaivbxfwbumsdlpuorddehpkujxlspzwqgh 
