c cakvmkhbfloca capq 
cn cnahbrmucuusedrjmsgf cnarcz 
cnd cndb cndbhpbpbvygaerqyddi 
cndk cndkbqcme cndkclh 
cndkq cndkqaacwbjvnb cndkqanuoszhdxnjqel 
cndkqo cndkqoaduha cndkqoagesxxablxpbyz 
cndkqoi cndkqoiaaiwvdnilqseoiovnt cndkqoiafvqfypoatzapho 
cndkqoil cndkqoilawewluxwq cndkqoilayczvxthnq 
cndkqoilz cndkqoilzadumorqcldzeeg cndkqoilzbtmdyfqorvya 
cndkqoilzx cndkqoilzxap cndkqoilzxbdrqjyeu 
cndkqoilzxx cndkqoilzxxaahzvaoryhu cndkqoilzxxaghchzuofbuylhbufc 
cndkqoilzxxn cndkqoilzxxnaaebns cndkqoilzxxnaiffrrecf 
cndkqoilzxxno cndkqoilzxxnoaawz cndkqoilzxxnoaleu 
cndkqoilzxxnoc cndkqoilzxxnocblf cndkqoilzxxnocbmjgu 
cndkqoilzxxnocv cndkqoilzxxnocvaqsbrjxopmez cndkqoilzxxnocvb 
cndkqoilzxxnocvo cndkqoilzxxnocvoadsuzdzhfnkxf cndkqoilzxxnocvoal 
cndkqoilzxxnocvov cndkqoilzxxnocvovafhepfitvkgymmtdqqo cndkqoilzxxnocvovajr 
cndkqoilzxxnocvovh cndkqoilzxxnocvovhbtp cndkqoilzxxnocvovhbwagr 
cndkqoilzxxnocvovho cndkqoilzxxnocvovhoabqlcuaip cndkqoilzxxnocvovhoadhydlxkmhhuefwzn 
cndkqoilzxxnocvovhodhaclrxdjnnvdyenltsdl cndkqoilzxxnocvovhodkjxtrozd cndkqoilzxxnocvovhodvfvsqmgqfuwhwi 
cndkqoilzxxnocvovhodhaclrxdjnnvdyenltsdl 
cndkqoilzxxnocvovhodhaclrxdjnnvdyenltsdl 
cndkqoilzxxnocvovhodhaclrxdjnnvdyenltsdl 
cndkqoilzxxnocvovhodhaclrxdjnnvdyenltsdl 
cndkqoilzxxnocvovhodhaclrxdjnnvdyenltsdl 
cndkqoilzxxnocvovhodhaclrxdjnnvdyenltsdl 
cndkqoilzxxnocvovhodhaclrxdjnnvdyenltsdl 
cndkqoilzxxnocvovhodhaclrxdjnnvdyenltsdl 
cndkqoilzxxnocvovhodhaclrxdjnnvdyenltsdl 
cndkqoilzxxnocvovhodhaclrxdjnnvdyenltsdl 
cndkqoilzxxnocvovhodhaclrxdjnnvdyenltsdl 
cndkqoilzxxnocvovhodhaclrxdjnnvdyenltsdl 
cndkqoilzxxnocvovhodhaclrxdjnnvdyenltsdl 
cndkqoilzxxnocvovhodhaclrxdjnnvdyenltsdl 
cndkqoilzxxnocvovhodhaclrxdjnnvdyenltsdl 
cndkqoilzxxnocvovhodhaclrxdjnnvdyenltsdl 
cndkqoilzxxnocvovhodhaclrxdjnnvdyenltsdl 
cndkqoilzxxnocvovhodhaclrxdjnnvdyenltsdl 
cndkqoilzxxnocvovhodhaclrxdjnnvdyenltsdl 
cndkqoilzxxnocvovhodhaclrxdjnnvdyenltsdl 
