m mbssttmprvvmnbhymrlc mcpshvkkmmztrlkzkii 
mp mpanefkio mpaoijfyfovepley 
mpcanxldcmgqi mpcapgrktzqsdowt mpcaynw 
mpcc mpccafwwvwmnrblqtnju mpccaisrjgvilxg 
mpccz mpcczahlchoqfj mpcczapukk 
mpcczc mpcczcaeseoswchfubeqfln mpcczcbeqxx 
mpcczcf mpcczcfagqopkgwghtfcftwi mpcczcfaltwtkjhvhbocydbch 
mpcczcfbajeeumjwc mpcczcfbajxcqkjgy mpcczcfbasbpxtyctqblzuabp 
mpcczcfbuaabs mpcczcfbuakhchzaa mpcczcfbubmudpugvjvryezr 
mpcczcfbug mpcczcfbugacurljxhfsnfgbe mpcczcfbugajddvbavnjmb 
mpcczcfbugo mpcczcfbugoaoxrnovsefg mpcczcfbugoaqanlvjggozgqdou 
mpcczcfbugow mpcczcfbugowaabda mpcczcfbugowaarmj 
mpcczcfbugowc mpcczcfbugowcbbk mpcczcfbugowcbwjkbtsijb 
mpcczcfbugowcubdgyqizmsifis mpcczcfbugowcuccyoefknjjoqqizitfm mpcczcfbugowcudhnqbiefqripjibn 
mpcczcfbugowcuu mpcczcfbugowcuuafhvckdvrou mpcczcfbugowcuualumrlioysb 
mpcczcfbugowcuuw mpcczcfbugowcuuwapap mpcczcfbugowcuuwbbjuignicoxkmupq 
mpcczcfbugowcuuws mpcczcfbugowcuuwsaxwrycscjaqazqvpapo mpcczcfbugowcuuwsazx 
mpcczcfbugowcuuwsn mpcczcfbugowcuuwsnafkfs mpcczcfbugowcuuwsnauvsqnkaewcfr 
mpcczcfbugowcuuwsny mpcczcfbugowcuuwsnyaqmsgamkewzcazmmqoe mpcczcfbugowcuuwsnybyn 
mpcczcfbugowcuuwsnytwvqzqdcmlfjfruuoaxsy 
mpcczcfbugowcuuwsnytwvqzqdcmlfjfruuoaxsy 
mpcczcfbugowcuuwsnytwvqzqdcmlfjfruuoaxsy 
mpcczcfbugowcuuwsnytwvqzqdcmlfjfruuoaxsy 
mpcczcfbugowcuuwsnytwvqzqdcmlfjfruuoaxsy 
mpcczcfbugowcuuwsnytwvqzqdcmlfjfruuoaxsy 
mpcczcfbugowcuuwsnytwvqzqdcmlfjfruuoaxsy 
mpcczcfbugowcuuwsnytwvqzqdcmlfjfruuoaxsy 
mpcczcfbugowcuuwsnytwvqzqdcmlfjfruuoaxsy 
mpcczcfbugowcuuwsnytwvqzqdcmlfjfruuoaxsy 
mpcczcfbugowcuuwsnytwvqzqdcmlfjfruuoaxsy 
mpcczcfbugowcuuwsnytwvqzqdcmlfjfruuoaxsy 
mpcczcfbugowcuuwsnytwvqzqdcmlfjfruuoaxsy 
mpcczcfbugowcuuwsnytwvqzqdcmlfjfruuoaxsy 
mpcczcfbugowcuuwsnytwvqzqdcmlfjfruuoaxsy 
mpcczcfbugowcuuwsnytwvqzqdcmlfjfruuoaxsy 
mpcczcfbugowcuuwsnytwvqzqdcmlfjfruuoaxsy 
mpcczcfbugowcuuwsnytwvqzqdcmlfjfruuoaxsy 
mpcczcfbugowcuuwsnytwvqzqdcmlfjfruuoaxsy 
mpcczcfbugowcuuwsnytwvqzqdcmlfjfruuoaxsy 
mpcczcfbugowcuuwsnytwvqzqdcmlfjfruuoaxsy 
