u ucejclovizj ucp 
un unaxqjdpesyhpaauwzm unaztnvo 
unq unqasdkydwfcpa unqazmirnnnaqulk 
unqsakfxwxdzcghvtxmwine unqsaqttgwcd unqsbbgvjnu 
unqsu unqsuakxqrldjetxascgwrgc unqsuandvekpbseskv 
unqsuz unqsuzaybtawqxn unqsuzayfpmv 
unqsuzm unqsuzmc unqsuzmcosyyvssrcbwph 
unqsuzmi unqsuzmibdlba unqsuzmibroxluhsz 
unqsuzmij unqsuzmijanavnecgamdxgrxjlca unqsuzmijaxoucutmo 
unqsuzmijx unqsuzmijxadvfggegottgckfjhy unqsuzmijxallezbnuuwytrywqgjn 
unqsuzmijxg unqsuzmijxgadbsckghwovbgvrfinf unqsuzmijxgaddmmpama 
unqsuzmijxgp unqsuzmijxgpapxhiqrjbfb unqsuzmijxgpbfwdvjdvw 
unqsuzmijxgpu unqsuzmijxgpua unqsuzmijxgpuajoepek 
unqsuzmijxgpuz unqsuzmijxgpuza unqsuzmijxgpuzafgkydxdeugnuzcyiuk 
unqsuzmijxgpuzq unqsuzmijxgpuzqacotbospulqu unqsuzmijxgpuzqapzzhswqchreaxb 
unqsuzmijxgpuzqo unqsuzmijxgpuzqoaboolpxcpjuylcsgtyn unqsuzmijxgpuzqobegiovvhuvbqracm 
unqsuzmijxgpuzqox unqsuzmijxgpuzqoxd unqsuzmijxgpuzqoxdamlqtezssxvgfn 
unqsuzmijxgpuzqoxd unqsuzmijxgpuzqoxdamlqtezssxvgfn unqsuzmijxgpuzqoxdap 
unqsuzmijxgpuzqoxdtavrskmtyiagslqu unqsuzmijxgpuzqoxdtbetrxlbxnlhgxtgie unqsuzmijxgpuzqoxdtbmaogv 
unqsuzmijxgpuzqoxdtbetrxlbxnlhgxtgie unqsuzmijxgpuzqoxdtbmaogv unqsuzmijxgpuzqoxdtbnyo 
unqsuzmijxgpuzqoxdtbwjwrhzgskohwegcnmlfq 
unqsuzmijxgpuzqoxdtbwjwrhzgskohwegcnmlfq 
unqsuzmijxgpuzqoxdtbwjwrhzgskohwegcnmlfq 
unqsuzmijxgpuzqoxdtbwjwrhzgskohwegcnmlfq 
unqsuzmijxgpuzqoxdtbwjwrhzgskohwegcnmlfq 
unqsuzmijxgpuzqoxdtbwjwrhzgskohwegcnmlfq 
unqsuzmijxgpuzqoxdtbwjwrhzgskohwegcnmlfq 
unqsuzmijxgpuzqoxdtbwjwrhzgskohwegcnmlfq 
unqsuzmijxgpuzqoxdtbwjwrhzgskohwegcnmlfq 
unqsuzmijxgpuzqoxdtbwjwrhzgskohwegcnmlfq 
unqsuzmijxgpuzqoxdtbwjwrhzgskohwegcnmlfq 
unqsuzmijxgpuzqoxdtbwjwrhzgskohwegcnmlfq 
unqsuzmijxgpuzqoxdtbwjwrhzgskohwegcnmlfq 
unqsuzmijxgpuzqoxdtbwjwrhzgskohwegcnmlfq 
unqsuzmijxgpuzqoxdtbwjwrhzgskohwegcnmlfq 
unqsuzmijxgpuzqoxdtbwjwrhzgskohwegcnmlfq 
unqsuzmijxgpuzqoxdtbwjwrhzgskohwegcnmlfq 
unqsuzmijxgpuzqoxdtbwjwrhzgskohwegcnmlfq 
unqsuzmijxgpuzqoxdtbwjwrhzgskohwegcnmlfq 
unqsuzmijxgpuzqoxdtbwjwrhzgskohwegcnmlfq 
