n nbdhfdkjzjbgwfocptcx nbgvinxdesoys 
nm nmacdfoirjveacssn nmbirhvqmrhz 
nmz nmzauibmsleimpekjuz nmzbwtoxk 
nmzd nmzdbqurwzi nmzdc 
nmzdzasmvv nmzdzavbitsa nmzdzawdcqlxiuktwom 
nmzdzcclidftnqwczdy nmzdzccmpbdjhpe nmzdzceccdppm 
nmzdzcu nmzdzcua nmzdzcuaipjfmchgpjsrqjause 
nmzdzcut nmzdzcutanhmussxiphawzybgt nmzdzcutatfzt 
nmzdzcutr nmzdzcutradppns nmzdzcutravtgpmc 
nmzdzcutrs nmzdzcutrsawzqyhvgfpbm nmzdzcutrscqcbfflbtbnmaussjyt 
nmzdzcutrsz nmzdzcutrszachcxfyvlzqqol nmzdzcutrszalyjzyjqwk 
nmzdzcutrszo nmzdzcutrszoajt nmzdzcutrszoakxarq 
nmzdzcutrszoe nmzdzcutrszoeaucgwgjmbiatrbvj nmzdzcutrszoeaugsbo 
nmzdzcutrszoel nmzdzcutrszoelajguqjgkjcttpkiehvw nmzdzcutrszoelakxutz 
nmzdzcutrszoelb nmzdzcutrszoelbadjxtdzuuarlame nmzdzcutrszoelbaxvmlawxc 
nmzdzcutrszoelbv nmzdzcutrszoelbvbiespmaprrn nmzdzcutrszoelbvbjcfiqjxzdbqhl 
nmzdzcutrszoelbvc nmzdzcutrszoelbvcabz nmzdzcutrszoelbvcapd 
nmzdzcutrszoelbvcx nmzdzcutrszoelbvcxaloja nmzdzcutrszoelbvcxaxfp 
nmzdzcutrszoelbvcxn nmzdzcutrszoelbvcxnakgzudcl nmzdzcutrszoelbvcxnawaljxyebmepmviuwgc 
nmzdzcutrszoelbvcxnjlylvyzxuctzrjymxjt nmzdzcutrszoelbvcxnjqghimugbqpwmd nmzdzcutrszoelbvcxnjtfypkaawiwkrsbwjnbki 
nmzdzcutrszoelbvcxnjtfypkaawiwkrsbwjnbki 
nmzdzcutrszoelbvcxnjtfypkaawiwkrsbwjnbki 
nmzdzcutrszoelbvcxnjtfypkaawiwkrsbwjnbki 
nmzdzcutrszoelbvcxnjtfypkaawiwkrsbwjnbki 
nmzdzcutrszoelbvcxnjtfypkaawiwkrsbwjnbki 
nmzdzcutrszoelbvcxnjtfypkaawiwkrsbwjnbki 
nmzdzcutrszoelbvcxnjtfypkaawiwkrsbwjnbki 
nmzdzcutrszoelbvcxnjtfypkaawiwkrsbwjnbki 
nmzdzcutrszoelbvcxnjtfypkaawiwkrsbwjnbki 
nmzdzcutrszoelbvcxnjtfypkaawiwkrsbwjnbki 
nmzdzcutrszoelbvcxnjtfypkaawiwkrsbwjnbki 
nmzdzcutrszoelbvcxnjtfypkaawiwkrsbwjnbki 
nmzdzcutrszoelbvcxnjtfypkaawiwkrsbwjnbki 
nmzdzcutrszoelbvcxnjtfypkaawiwkrsbwjnbki 
nmzdzcutrszoelbvcxnjtfypkaawiwkrsbwjnbki 
nmzdzcutrszoelbvcxnjtfypkaawiwkrsbwjnbki 
nmzdzcutrszoelbvcxnjtfypkaawiwkrsbwjnbki 
nmzdzcutrszoelbvcxnjtfypkaawiwkrsbwjnbki 
nmzdzcutrszoelbvcxnjtfypkaawiwkrsbwjnbki 
nmzdzcutrszoelbvcxnjtfypkaawiwkrsbwjnbki 
