0 22 0 30 0 118 0 485 22 212 22 3629 30 33 30 347 33 90 90 371 90 386 90 503 90 1340 90 3023 90 9230 118 123 118 352 123 187 123 2071 187 263 187 1508 187 5029 263 1258 263 1339 263 1399 347 883 347 1133 347 1562 352 458 352 702 352 1143 352 7755 352 9480 458 1572 458 2118 503 916 702 3757 883 948 883 1170 883 6231 948 1714 1133 1419 1133 5371 1143 3303 1143 7906 1258 7718 1340 5810 1419 1912 1419 4022 1419 7887 1562 2509 1562 4443 1562 8321 1572 5445 2118 4406 2509 3784 3629 5148 3629 9914 4443 8707 5371 8632 7887 9420 