11 7233 117 822 144 1332 189 2649 191 3718 206 5985 253 2271 275 8858 319 6675 342 1686 429 1405 435 4368 512 7420 692 2064 774 9911 787 1839 918 2554 970 8732 1043 9857 1147 4209 1166 7700 1658 4169 1700 4305 1732 5523 1819 2546 1836 6215 1951 6667 1993 2027 2299 8960 2355 3365 2466 9147 2572 6426 2695 7739 2736 3958 2773 3312 2853 3478 2888 6748 3047 4959 3072 7182 3102 7730 3159 3982 3179 9881 3180 3245 3180 7688 3295 4620 3314 6622 3378 6649 3430 9842 3433 9581 3676 4010 3772 5135 3818 8342 3912 8669 4089 4343 4141 8651 4258 4638 4306 6706 4327 8597 4497 8493 4651 8315 5031 7814 5040 9170 5098 6379 5210 8823 5443 9691 5476 9738 5750 9081 5759 9612 5837 7696 5870 9986 5919 6989 5930 6008 5972 6931 5978 7224 6132 6152 6635 7077 6823 7558 7346 9156 7415 8881 7942 9143 8467 9031 8723 9109 9056 9269 9392 9806 9819 9890 