-7 -6 
-7 0 
-6 -6 
-6 -6 -6 
-6 -6 -5 
-6 -6 -5 0 
-6 -6 -5 7 
-6 -6 0 
-6 -6 1 
-6 -6 1 7 
-6 -6 7 
-6 -5 
-6 -5 -5 
-6 -5 -5 0 
-6 -5 -5 7 
-6 -5 0 
-6 -5 1 
-6 -5 1 7 
-6 -5 5 
-6 -5 5 7 
-6 -5 7 
-6 0 
-6 1 
-6 1 7 
-6 5 
-6 5 7 
-6 7 
-5 -5 
-5 -5 -5 
-5 -5 -5 -5 
-5 -5 -5 -5 0 
-5 -5 -5 -5 7 
-5 -5 -5 0 
-5 -5 -5 1 
-5 -5 -5 1 7 
-5 -5 -5 5 
-5 -5 -5 5 7 
-5 -5 -5 7 
-5 -5 0 
-5 -5 1 
-5 -5 1 7 
-5 -5 5 
-5 -5 5 7 
-5 -5 7 
-5 0 
-5 1 
-5 1 7 
-5 5 
-5 5 7 
-5 7 
-4 0 
-4 1 
-4 1 7 
-4 5 
-4 5 7 
-4 7 
-4 7 7 
1 7 
5 5 
5 5 7 
5 7 
5 7 7 
7 7 
