l lciybf lddtpftqvb 
li lib libatuzltpciwo 
lib libatuzltpciwo libaysiiu 
libd libdbabmkvsreznfzyjm libdbomylufqfdshdl 
libdq libdqbpcscuhpingxucv libdqcv 
libdqjbbzqfobtgociykrfbxx libdqjcioddjtbkykgetikwry libdqjemykxxguix 
libdqjl libdqjlbdulvxzpdvo libdqjlbfetctfbczek 
libdqjlzalhuijagtvehfsnyxp libdqjlzczzmtg libdqjlzd 
libdqjlzt libdqjlztankaolmjsugxbgs libdqjlztarne 
libdqjlztrajyjgkuczyfruxndsl libdqjlztraxvdfmzarbznmac libdqjlztrcyebqxchbid 
libdqjlztrwbe libdqjlztrwe libdqjlztrweawjoo 
libdqjlztrwe libdqjlztrweawjoo libdqjlztrwecqwquitxpojxqy 
libdqjlztrwex libdqjlztrwexasizotlnpvsqwh libdqjlztrwexbnujgvmzkuiziehyl 
libdqjlztrwexz libdqjlztrwexzaniqodjpmsegrb libdqjlztrwexzaolkrmnqtixrifu 
libdqjlztrwexziackadhbw libdqjlztrwexzibs libdqjlztrwexziceqcgsojsloiq 
libdqjlztrwexziz libdqjlztrwexzizamghz libdqjlztrwexzizcypblqbolatxgdtme 
libdqjlztrwexzizk libdqjlztrwexzizkaoosjxaadjwwxlrsxf libdqjlztrwexzizkbff 
libdqjlztrwexzizkx libdqjlztrwexzizkxbkz libdqjlztrwexzizkxblttqgsro 
libdqjlztrwexzizkxy libdqjlztrwexzizkxybiugvfmzdgq libdqjlztrwexzizkxybtvkutz 
libdqjlztrwexzizkxyr 




















