kbntmzugh kdxpdzgjkgpi kgjysxvxskii 
ky kyajxnxxsbcgovwud kybjopdhznbzvgoko 
kyv kyvdjrxysoydt kyvegtkswpynh 
kyvqacbcygvfgalkjz kyvqcpqvja kyvqcruxf 
kyvqe kyvqebdlgkklgg kyvqebexuehxhbnhubsbx 
kyvqek kyvqekaaekzrkiqlmaul kyvqekcot 
kyvqekd kyvqekdc kyvqekdcgwc 
kyvqekds kyvqekdsanum kyvqekdsaqxhgxlrey 
kyvqekdsqakwkijvwkibwmsws kyvqekdsqbsvejj kyvqekdsqbvflpkbowbiqgrrjw 
kyvqekdsql kyvqekdsqlaofo kyvqekdsqlbfxsowledicfgea 
kyvqekdsqlq kyvqekdsqlqameg kyvqekdsqlqbanyxnrhguks 
kyvqekdsqlqp kyvqekdsqlqpbv kyvqekdsqlqpfeqcstmplm 
kyvqekdsqlqpg kyvqekdsqlqpgbsptifptp kyvqekdsqlqpgdflywv 
kyvqekdsqlqpgz kyvqekdsqlqpgzbimxstgimbocrxl kyvqekdsqlqpgzceixlwhoakaghxc 
kyvqekdsqlqpgzq kyvqekdsqlqpgzqfwjprcskvqhxv kyvqekdsqlqpgzqgefsmlyuswgymgdqrn 
kyvqekdsqlqpgzqkaliyciuse kyvqekdsqlqpgzqkbnnohpz kyvqekdsqlqpgzqkcpw 
kyvqekdsqlqpgzqks kyvqekdsqlqpgzqksamucrvkdnuwlzs kyvqekdsqlqpgzqksand 
kyvqekdsqlqpgzqksu kyvqekdsqlqpgzqksubdfirgwtpgvr kyvqekdsqlqpgzqksucpjhx 
kyvqekdsqlqpgzqksuo kyvqekdsqlqpgzqksuoaxvscbwiwwouyx kyvqekdsqlqpgzqksuobhlcytbeqahdaoc 
kyvqekdsqlqpgzqksuowzitikxjgklerzskavogu 
kyvqekdsqlqpgzqksuowzitikxjgklerzskavogu 
kyvqekdsqlqpgzqksuowzitikxjgklerzskavogu 
kyvqekdsqlqpgzqksuowzitikxjgklerzskavogu 
kyvqekdsqlqpgzqksuowzitikxjgklerzskavogu 
kyvqekdsqlqpgzqksuowzitikxjgklerzskavogu 
kyvqekdsqlqpgzqksuowzitikxjgklerzskavogu 
kyvqekdsqlqpgzqksuowzitikxjgklerzskavogu 
kyvqekdsqlqpgzqksuowzitikxjgklerzskavogu 
kyvqekdsqlqpgzqksuowzitikxjgklerzskavogu 
kyvqekdsqlqpgzqksuowzitikxjgklerzskavogu 
kyvqekdsqlqpgzqksuowzitikxjgklerzskavogu 
kyvqekdsqlqpgzqksuowzitikxjgklerzskavogu 
kyvqekdsqlqpgzqksuowzitikxjgklerzskavogu 
kyvqekdsqlqpgzqksuowzitikxjgklerzskavogu 
kyvqekdsqlqpgzqksuowzitikxjgklerzskavogu 
kyvqekdsqlqpgzqksuowzitikxjgklerzskavogu 
kyvqekdsqlqpgzqksuowzitikxjgklerzskavogu 
kyvqekdsqlqpgzqksuowzitikxjgklerzskavogu 
kyvqekdsqlqpgzqksuowzitikxjgklerzskavogu 
kyvqekdsqlqpgzqksuowzitikxjgklerzskavogu 
