b babfuvffiisubu bashshxsixw 
bs bsaamftiqsamkgybukpcu bsabknhr 
bsaamftiqsamkgybukpcu bsabknhr bsacdddqrzcvizzysd 
bsam bsambfstmhzsigbcn bsamg 
bsamu bsamubvyzdytbtzm bsamuckftadpwyytkcyam 
bsamui bsamuictnjbvgksqvggpyrcw bsamuidofdcvvwbiilvrcd 
bsamuig bsamuigbgpumoyhbyelrlfstb bsamuigdxdmfzyrhuiscytcvjt 
bsamuigeafd bsamuigeaffjfjonstsllmqtz bsamuigeaonbu 
bsamuigeh bsamuigehazqveddnuaygmmwxlct bsamuigehb 
bsamuigehc bsamuigehcahejbkqwuot bsamuigehcapqneycgixuavkvae 
bsamuigehcl bsamuigehclbdhgyxilcivki bsamuigehclbfcpvgkhzz 
bsamuigehcluabyxnwjusvyevfpgxa bsamuigehclubnjvyvljxa bsamuigehclubunuht 
bsamuigehclup bsamuigehclupb bsamuigehclupbajoorftocewl 
bsamuigehclupb bsamuigehclupbajoorftocewl bsamuigehclupbbbiunsod 
bsamuigehclupbjabcgdpjtv bsamuigehclupbjabofvov bsamuigehclupbjabskkmecabvjtoefivjt 
bsamuigehclupbjabcgdpjtv bsamuigehclupbjabofvov bsamuigehclupbjabskkmecabvjtoefivjt 
bsamuigehclupbjanafktltbxevdtfkbzx bsamuigehclupbjanak bsamuigehclupbjanbhfltyiqhngkdtqqs 
bsamuigehclupbjanzcandvwc bsamuigehclupbjanzd bsamuigehclupbjanzdmvfnsd 
bsamuigehclupbjanzo bsamuigehclupbjanzoacbzp bsamuigehclupbjanzobgdup 
bsamuigehclupbjanzomutrbjyeoysihihpjrtjl 
bsamuigehclupbjanzomutrbjyeoysihihpjrtjl 
bsamuigehclupbjanzomutrbjyeoysihihpjrtjl 
bsamuigehclupbjanzomutrbjyeoysihihpjrtjl 
bsamuigehclupbjanzomutrbjyeoysihihpjrtjl 
bsamuigehclupbjanzomutrbjyeoysihihpjrtjl 
bsamuigehclupbjanzomutrbjyeoysihihpjrtjl 
bsamuigehclupbjanzomutrbjyeoysihihpjrtjl 
bsamuigehclupbjanzomutrbjyeoysihihpjrtjl 
bsamuigehclupbjanzomutrbjyeoysihihpjrtjl 
bsamuigehclupbjanzomutrbjyeoysihihpjrtjl 
bsamuigehclupbjanzomutrbjyeoysihihpjrtjl 
bsamuigehclupbjanzomutrbjyeoysihihpjrtjl 
bsamuigehclupbjanzomutrbjyeoysihihpjrtjl 
bsamuigehclupbjanzomutrbjyeoysihihpjrtjl 
bsamuigehclupbjanzomutrbjyeoysihihpjrtjl 
bsamuigehclupbjanzomutrbjyeoysihihpjrtjl 
bsamuigehclupbjanzomutrbjyeoysihihpjrtjl 
bsamuigehclupbjanzomutrbjyeoysihihpjrtjl 
bsamuigehclupbjanzomutrbjyeoysihihpjrtjl 
bsamuigehclupbjanzomutrbjyeoysihihpjrtjl 
