cayx cbhfyxdv cdaajkwtgtfacvmbfq 
ct ctaiwglnbxiojhohlnew ctcflsv 
cty ctya ctybariumuzpq 
ctyx ctyxajvsnounhhvpz ctyxbprvzrlpktqtliqib 
ctyxd ctyxdcq ctyxddkvjhmt 
ctyxde ctyxdebjxmqxhjywucpo ctyxdeconuimhfcfqst 
ctyxdel ctyxdelbigwvpthhy ctyxdelbyqxlbrpgrgcxfxf 
ctyxdeli ctyxdeliahwsbrijxjwwdrdyy ctyxdelidbbxcigsxopieuqntf 
ctyxdeliieejmrsbbvwcwarbst ctyxdeliihtucwskfmhgsxfsdroj ctyxdeliijhp 
ctyxdeliiu ctyxdeliiuaqqxnnzfiuzupyfzpx ctyxdeliiuauslprnsi 
ctyxdeliiud ctyxdeliiuda ctyxdeliiudaakmedyhaduxitxvt 
ctyxdeliiuda ctyxdeliiudaakmedyhaduxitxvt ctyxdeliiudadxzvm 
ctyxdeliiudax ctyxdeliiudaxanlkl ctyxdeliiudaxaqvdwtqyukcem 
ctyxdeliiudaxy ctyxdeliiudaxybopk ctyxdeliiudaxycf 
ctyxdeliiudaxyza ctyxdeliiudaxyzcsnbsbkiufwnmoyf ctyxdeliiudaxyzcwsmyamdnsmr 
ctyxdeliiudaxyzra ctyxdeliiudaxyzrawj ctyxdeliiudaxyzrbdbfafxytz 
ctyxdeliiudaxyzrh ctyxdeliiudaxyzrhaahyototjx ctyxdeliiudaxyzrhadxpgcm 
ctyxdeliiudaxyzrhe ctyxdeliiudaxyzrheaforfxvexmombl ctyxdeliiudaxyzrheaxuayrwowph 
ctyxdeliiudaxyzrhehahnwuqtafbwufsej ctyxdeliiudaxyzrhehartmrg ctyxdeliiudaxyzrhehdarajh 





















