sapkzko sarku sayhdwxfa 
sp spambn spbndmqiyqjziygjc 
spgaajhvptnjsxw spgarbyj spgaxlpqup 
spgx spgxaip spgxbabbdtl 
spgxbabbdtl spgxbapixucrkjbykzqjsbf spgxbbk 
spgxbi spgxbiakvfwk spgxbibjavvu 
spgxbid spgxbidaroqyikolpbf spgxbidb 
spgxbidu spgxbiducnawrhyxqwdw spgxbidudduwdmeucvar 
spgxbiduw spgxbiduwbdcrzxzl spgxbiduwbeyafjthvgvlxro 
spgxbiduwu spgxbiduwucvytatpdytorqub spgxbiduwuhthguzdcuafnikladra 
spgxbiduwutaeukeoppfj spgxbiduwutagxbmuw spgxbiduwutbflohjiywpxyrqy 
spgxbiduwuti spgxbiduwutialvikcw spgxbiduwutidvc 
spgxbiduwutif spgxbiduwutifbalh spgxbiduwutifbiakksulvzzedkbxe 
spgxbiduwutifmbbhuwaombccejzf spgxbiduwutifmcldtnvhwrbkbi spgxbiduwutifmcrggjdtaw 
spgxbiduwutifmg spgxbiduwutifmgaqo spgxbiduwutifmgarxcoiuvxknx 
spgxbiduwutifmgj spgxbiduwutifmgjdlesmsbed spgxbiduwutifmgjem 
spgxbiduwutifmgjq spgxbiduwutifmgjqaqtql spgxbiduwutifmgjqclbgdddxqffbrbbpp 
spgxbiduwutifmgjqh spgxbiduwutifmgjqhagphrwtovdwx spgxbiduwutifmgjqhalnncqjrllybkzewtdb 
spgxbiduwutifmgjqhj spgxbiduwutifmgjqhjbmyu spgxbiduwutifmgjqhjdolfvvj 
spgxbiduwutifmgjqhjneprskndkwumhhtirafqt spgxbiduwutifmgjqhjnwrffxlzpqxctckjqz 
spgxbiduwutifmgjqhjneprskndkwumhhtirafqt 
spgxbiduwutifmgjqhjneprskndkwumhhtirafqt 
spgxbiduwutifmgjqhjneprskndkwumhhtirafqt 
spgxbiduwutifmgjqhjneprskndkwumhhtirafqt 
spgxbiduwutifmgjqhjneprskndkwumhhtirafqt 
spgxbiduwutifmgjqhjneprskndkwumhhtirafqt 
spgxbiduwutifmgjqhjneprskndkwumhhtirafqt 
spgxbiduwutifmgjqhjneprskndkwumhhtirafqt 
spgxbiduwutifmgjqhjneprskndkwumhhtirafqt 
spgxbiduwutifmgjqhjneprskndkwumhhtirafqt 
spgxbiduwutifmgjqhjneprskndkwumhhtirafqt 
spgxbiduwutifmgjqhjneprskndkwumhhtirafqt 
spgxbiduwutifmgjqhjneprskndkwumhhtirafqt 
spgxbiduwutifmgjqhjneprskndkwumhhtirafqt 
spgxbiduwutifmgjqhjneprskndkwumhhtirafqt 
spgxbiduwutifmgjqhjneprskndkwumhhtirafqt 
spgxbiduwutifmgjqhjneprskndkwumhhtirafqt 
spgxbiduwutifmgjqhjneprskndkwumhhtirafqt 
spgxbiduwutifmgjqhjneprskndkwumhhtirafqt 
spgxbiduwutifmgjqhjneprskndkwumhhtirafqt 
