5 8 9 11 12 13 16 17 19 22 27 29 31 34 43 47 49 52 54 57 60 69 70 73 75 78 82 83 86 88 93 96 97 104 105 107 109 123 125 128 129 131 132 135 137 141 145 149 151 152 154 161 162 172 174 177 179 183 185 190 192 193 200 202 208 212 214 219 222 223 227 228 229 235 239 240 243 246 251 255 261 262 264 266 269 274 275 277 278 279 280 282 283 290 293 

