0 1 3 4 5 7 8 12 13 15 16 17 18 21 22 23 24 25 27 28 29 30 32 33 34 35 36 37 39 40 42 43 45 46 47 48 49 51 52 54 55 56 57 58 60 61 62 63 64 65 66 67 68 71 72 73 75 78 79 81 82 83 84 85 86 87 88 89 91 93 94 95 96 97 98 99 100 103 105 107 108 109 110 111 114 115 116 117 121 122 123 124 125 126 127 128 130 131 132 

