3 4 5 8 9 10 11 13 14 15 16 17 18 21 23 24 26 28 29 31 34 35 39 40 45 48 49 51 54 57 58 61 63 65 66 67 69 71 72 74 76 77 79 81 82 85 88 89 91 93 94 95 97 98 99 107 110 112 115 120 124 127 131 132 133 135 136 138 144 145 146 147 148 149 153 155 156 157 158 159 160 162 164 165 166 173 174 176 182 183 185 186 187 188 189 

