0 1 2 3 5 6 7 8 9 10 11 12 13 16 18 19 20 22 23 24 25 26 27 28 30 31 33 35 36 37 38 40 41 42 43 44 45 47 48 49 50 51 52 53 56 57 59 60 61 63 64 66 68 69 70 71 72 74 75 76 78 79 80 81 82 83 84 85 86 87 89 91 92 93 96 97 98 100 101 102 103 104 105 106 107 109 110 112 113 115 117 118 

